Component: ARM Compiler 5.06 update 6 (build 750) Tool: armlink [4d35ed]

==============================================================================

Section Cross References

    main.o(i.main) refers to _printf_percent.o(.ARM.Collect$$_printf_percent$$00000000) for _printf_percent
    main.o(i.main) refers to _printf_f.o(.ARM.Collect$$_printf_percent$$00000003) for _printf_f
    main.o(i.main) refers to printf1.o(x$fpl$printf1) for _printf_fp_dec
    main.o(i.main) refers to leds.o(i.leds_init) for leds_init
    main.o(i.main) refers to thermometer.o(i.thermometer_init) for thermometer_init
    main.o(i.main) refers to proximity.o(i.proximity_init) for proximity_init
    main.o(i.main) refers to lcd.o(i.lcd_init) for lcd_init
    main.o(i.main) refers to timer.o(i.timer_init) for timer_init
    main.o(i.main) refers to timer.o(i.timer_set_callback) for timer_set_callback
    main.o(i.main) refers to thermometer.o(i.get_temprature) for get_temprature
    main.o(i.main) refers to timer.o(i.timer_enable) for timer_enable
    main.o(i.main) refers to gpio.o(i.gpio_set) for gpio_set
    main.o(i.main) refers to lcd.o(i.lcd_clear) for lcd_clear
    main.o(i.main) refers to f2d.o(x$fpl$f2d) for __aeabi_f2d
    main.o(i.main) refers to noretval__2sprintf.o(.text) for __2sprintf
    main.o(i.main) refers to proximity.o(i.get_distance) for get_distance
    main.o(i.main) refers to lcd.o(i.lcd_set_cursor) for lcd_set_cursor
    main.o(i.main) refers to lcd.o(i.lcd_print) for lcd_print
    main.o(i.main) refers to main.o(i.timer_handler) for timer_handler
    main.o(i.main) refers to main.o(.data) for current
    main.o(i.main) refers to main.o(.bss) for str
    main.o(i.timer_handler) refers to main.o(.data) for step
    onewire.o(i.onewire_read) refers to onewire.o(i.uart6_set_rate) for uart6_set_rate
    onewire.o(i.onewire_read) refers to onewire.o(i.uart6_tx) for uart6_tx
    onewire.o(i.onewire_read) refers to onewire.o(i.uart6_rx) for uart6_rx
    onewire.o(i.onewire_read_byte) refers to onewire.o(i.onewire_read) for onewire_read
    onewire.o(i.onewire_transaction_init) refers to onewire.o(i.uart6_set_rate) for uart6_set_rate
    onewire.o(i.onewire_transaction_init) refers to onewire.o(i.uart6_tx) for uart6_tx
    onewire.o(i.onewire_transaction_init) refers to onewire.o(i.uart6_rx) for uart6_rx
    onewire.o(i.onewire_write) refers to onewire.o(i.uart6_set_rate) for uart6_set_rate
    onewire.o(i.onewire_write) refers to onewire.o(i.uart6_tx) for uart6_tx
    onewire.o(i.onewire_write_byte) refers to onewire.o(i.onewire_write) for onewire_write
    proximity.o(i.get_distance) refers to gpio.o(i.gpio_set) for gpio_set
    proximity.o(i.get_distance) refers to delay.o(i.delay_us) for delay_us
    proximity.o(i.get_distance) refers to gpio.o(i.gpio_get) for gpio_get
    proximity.o(i.get_distance) refers to delay.o(.emb_text) for delay_cycles
    proximity.o(i.proximity_init) refers to gpio.o(i.gpio_set_mode) for gpio_set_mode
    proximity.o(i.proximity_init) refers to gpio.o(i.gpio_set) for gpio_set
    thermometer.o(i.get_temprature) refers to onewire.o(i.onewire_transaction_init) for onewire_transaction_init
    thermometer.o(i.get_temprature) refers to onewire.o(i.onewire_write_byte) for onewire_write_byte
    thermometer.o(i.get_temprature) refers to onewire.o(i.onewire_read) for onewire_read
    thermometer.o(i.get_temprature) refers to onewire.o(i.onewire_read_byte) for onewire_read_byte
    thermometer.o(i.get_temprature) refers to dflt_clz.o(x$fpl$dflt) for __aeabi_i2d
    thermometer.o(i.get_temprature) refers to dmul.o(x$fpl$dmul) for __aeabi_dmul
    thermometer.o(i.get_temprature) refers to d2f.o(x$fpl$d2f) for __aeabi_d2f
    thermometer.o(i.thermometer_init) refers to onewire.o(i.onewire_init) for onewire_init
    delay.o(i.delay_ms) refers to delay.o(.emb_text) for delay_cycles
    delay.o(i.delay_ms) refers to system_stm32f4xx.o(.data) for SystemCoreClock
    delay.o(i.delay_us) refers to delay.o(.emb_text) for delay_cycles
    delay.o(i.delay_us) refers to system_stm32f4xx.o(.data) for SystemCoreClock
    lcd.o(i.lcd_clear) refers to lcd.o(i.lcd_write_cmd) for lcd_write_cmd
    lcd.o(i.lcd_clear) refers to delay.o(i.delay_ms) for delay_ms
    lcd.o(i.lcd_init) refers to gpio.o(i.gpio_set_mode) for gpio_set_mode
    lcd.o(i.lcd_init) refers to lcd.o(i.set_data_dir) for set_data_dir
    lcd.o(i.lcd_init) refers to delay.o(i.delay_ms) for delay_ms
    lcd.o(i.lcd_init) refers to lcd.o(i.lcd_write_cmd) for lcd_write_cmd
    lcd.o(i.lcd_init) refers to delay.o(i.delay_us) for delay_us
    lcd.o(i.lcd_init) refers to lcd.o(i.lcd_set_cursor) for lcd_set_cursor
    lcd.o(i.lcd_init) refers to lcd.o(i.lcd_set_cursor_visible) for lcd_set_cursor_visible
    lcd.o(i.lcd_print) refers to lcd.o(i.lcd_set_cursor) for lcd_set_cursor
    lcd.o(i.lcd_print) refers to lcd.o(i.lcd_put_char) for lcd_put_char
[...]
    libinit.o(.ARM.Collect$$libinit$$00000000) refers (Special) to libinit2.o(.ARM.Collect$$libinit$$0000000A) for __rt_lib_init_heap_1
    libinit.o(.ARM.Collect$$libinit$$00000000) refers (Special) to libinit2.o(.ARM.Collect$$libinit$$00000011) for __rt_lib_init_lc_collate_1
    libinit.o(.ARM.Collect$$libinit$$00000000) refers (Special) to libinit2.o(.ARM.Collect$$libinit$$00000013) for __rt_lib_init_lc_ctype_1
    libinit.o(.ARM.Collect$$libinit$$00000000) refers (Special) to libinit2.o(.ARM.Collect$$libinit$$00000015) for __rt_lib_init_lc_monetary_1
    libinit.o(.ARM.Collect$$libinit$$00000000) refers (Special) to libinit2.o(.ARM.Collect$$libinit$$00000017) for __rt_lib_init_lc_numeric_1
    libinit.o(.ARM.Collect$$libinit$$00000000) refers (Special) to libinit2.o(.ARM.Collect$$libinit$$00000019) for __rt_lib_init_lc_time_1
    libinit.o(.ARM.Collect$$libinit$$00000000) refers (Special) to libinit2.o(.ARM.Collect$$libinit$$00000004) for __rt_lib_init_preinit_1
    libinit.o(.ARM.Collect$$libinit$$00000000) refers (Special) to libinit2.o(.ARM.Collect$$libinit$$0000000E) for __rt_lib_init_rand_1
    libinit.o(.ARM.Collect$$libinit$$00000000) refers (Special) to libinit2.o(.ARM.Collect$$libinit$$00000033) for __rt_lib_init_return
    libinit.o(.ARM.Collect$$libinit$$00000000) refers (Special) to libinit2.o(.ARM.Collect$$libinit$$0000001D) for __rt_lib_init_signal_1
    libinit.o(.ARM.Collect$$libinit$$00000000) refers (Special) to libinit2.o(.ARM.Collect$$libinit$$00000025) for __rt_lib_init_stdio_1
    libinit.o(.ARM.Collect$$libinit$$00000000) refers (Special) to libinit2.o(.ARM.Collect$$libinit$$0000000C) for __rt_lib_init_user_alloc_1
    libinit2.o(.ARM.Collect$$libinit$$00000001) refers to fpinit.o(x$fpl$fpinit) for _fp_init
    libinit2.o(.ARM.Collect$$libinit$$0000000F) refers (Weak) to rt_locale_intlibspace.o(.text) for __rt_locale
    libinit2.o(.ARM.Collect$$libinit$$00000010) refers to libinit2.o(.ARM.Collect$$libinit$$0000000F) for .ARM.Collect$$libinit$$0000000F
    libinit2.o(.ARM.Collect$$libinit$$00000012) refers to libinit2.o(.ARM.Collect$$libinit$$0000000F) for .ARM.Collect$$libinit$$0000000F
    libinit2.o(.ARM.Collect$$libinit$$00000014) refers to libinit2.o(.ARM.Collect$$libinit$$0000000F) for .ARM.Collect$$libinit$$0000000F
    libinit2.o(.ARM.Collect$$libinit$$00000016) refers to libinit2.o(.ARM.Collect$$libinit$$0000000F) for .ARM.Collect$$libinit$$0000000F
    libinit2.o(.ARM.Collect$$libinit$$00000016) refers (Weak) to lc_numeric_c.o(locale$$code) for _get_lc_numeric
    libinit2.o(.ARM.Collect$$libinit$$00000018) refers to libinit2.o(.ARM.Collect$$libinit$$0000000F) for .ARM.Collect$$libinit$$0000000F
    libinit2.o(.ARM.Collect$$libinit$$00000026) refers to argv_veneer.o(.emb_text) for __ARM_argv_veneer
    libinit2.o(.ARM.Collect$$libinit$$00000027) refers to argv_veneer.o(.emb_text) for __ARM_argv_veneer
    rtexit.o(.ARM.Collect$$rtexit$$00000000) refers (Special) to rtexit2.o(.ARM.Collect$$rtexit$$00000004) for __rt_exit_exit
    rtexit.o(.ARM.Collect$$rtexit$$00000000) refers (Special) to rtexit2.o(.ARM.Collect$$rtexit$$00000003) for __rt_exit_ls
    rtexit.o(.ARM.Collect$$rtexit$$00000000) refers (Special) to rtexit2.o(.ARM.Collect$$rtexit$$00000002) for __rt_exit_prels_1
    rtexit.o(.ARM.exidx) refers (Special) to rtexit2.o(.ARM.Collect$$rtexit$$00000004) for __rt_exit_exit
    rtexit.o(.ARM.exidx) refers (Special) to rtexit2.o(.ARM.Collect$$rtexit$$00000003) for __rt_exit_ls
    rtexit.o(.ARM.exidx) refers (Special) to rtexit2.o(.ARM.Collect$$rtexit$$00000002) for __rt_exit_prels_1
    rtexit.o(.ARM.exidx) refers to rtexit.o(.ARM.Collect$$rtexit$$00000000) for .ARM.Collect$$rtexit$$00000000
    argv_veneer.o(.emb_text) refers to no_argv.o(.text) for __ARM_get_argv
    rtexit2.o(.ARM.Collect$$rtexit$$00000003) refers to libshutdown.o(.ARM.Collect$$libshutdown$$00000000) for __rt_lib_shutdown
    rtexit2.o(.ARM.Collect$$rtexit$$00000004) refers to sys_exit.o(.text) for _sys_exit
    rtexit2.o(.ARM.exidx) refers to rtexit2.o(.ARM.Collect$$rtexit$$00000001) for .ARM.Collect$$rtexit$$00000001
    rtexit2.o(.ARM.exidx) refers to rtexit2.o(.ARM.Collect$$rtexit$$00000003) for .ARM.Collect$$rtexit$$00000003
    rtexit2.o(.ARM.exidx) refers to rtexit2.o(.ARM.Collect$$rtexit$$00000004) for .ARM.Collect$$rtexit$$00000004
    _get_argv_nomalloc.o(.text) refers (Special) to hrguard.o(.text) for __heap_region$guard
    _get_argv_nomalloc.o(.text) refers to defsig_rtmem_outer.o(.text) for __rt_SIGRTMEM
    _get_argv_nomalloc.o(.text) refers to sys_command.o(.text) for _sys_command_string
    sys_command.o(.text) refers (Special) to use_no_semi.o(.text) for __I$use$semihosting
    sys_command.o(.text) refers (Special) to indicate_semi.o(.text) for __semihosting_library_function
    sys_exit.o(.text) refers (Special) to use_no_semi.o(.text) for __I$use$semihosting
    sys_exit.o(.text) refers (Special) to indicate_semi.o(.text) for __semihosting_library_function
    defsig_rtmem_outer.o(.text) refers to defsig_rtmem_inner.o(.text) for __rt_SIGRTMEM_inner
    defsig_rtmem_outer.o(.text) refers to defsig_exit.o(.text) for __sig_exit
    defsig_rtmem_formal.o(.text) refers to rt_raise.o(.text) for __rt_raise
    libshutdown.o(.ARM.Collect$$libshutdown$$00000000) refers (Special) to libshutdown2.o(.ARM.Collect$$libshutdown$$00000002) for __rt_lib_shutdown_cpp_1
    libshutdown.o(.ARM.Collect$$libshutdown$$00000000) refers (Special) to libshutdown2.o(.ARM.Collect$$libshutdown$$00000007) for __rt_lib_shutdown_fp_trap_1
    libshutdown.o(.ARM.Collect$$libshutdown$$00000000) refers (Special) to libshutdown2.o(.ARM.Collect$$libshutdown$$0000000F) for __rt_lib_shutdown_heap_1
    libshutdown.o(.ARM.Collect$$libshutdown$$00000000) refers (Special) to libshutdown2.o(.ARM.Collect$$libshutdown$$00000010) for __rt_lib_shutdown_return
    libshutdown.o(.ARM.Collect$$libshutdown$$00000000) refers (Special) to libshutdown2.o(.ARM.Collect$$libshutdown$$0000000A) for __rt_lib_shutdown_signal_1
    libshutdown.o(.ARM.Collect$$libshutdown$$00000000) refers (Special) to libshutdown2.o(.ARM.Collect$$libshutdown$$00000004) for __rt_lib_shutdown_stdio_1
    libshutdown.o(.ARM.Collect$$libshutdown$$00000000) refers (Special) to libshutdown2.o(.ARM.Collect$$libshutdown$$0000000C) for __rt_lib_shutdown_user_alloc_1
    rt_raise.o(.text) refers to __raise.o(.text) for __raise
    rt_raise.o(.text) refers to sys_exit.o(.text) for _sys_exit
    defsig_exit.o(.text) refers to sys_exit.o(.text) for _sys_exit
    defsig_rtmem_inner.o(.text) refers to defsig_general.o(.text) for __default_signal_display
    __raise.o(.text) refers to defsig.o(CL$$defsig) for __default_signal_handler
    defsig_general.o(.text) refers to sys_wrch.o(.text) for _ttywrch
    sys_wrch.o(.text) refers (Special) to use_no_semi.o(.text) for __I$use$semihosting
    sys_wrch.o(.text) refers (Special) to indicate_semi.o(.text) for __semihosting_library_function
    defsig.o(CL$$defsig) refers to defsig_rtmem_inner.o(.text) for __rt_SIGRTMEM_inner
    defsig_abrt_inner.o(.text) refers to defsig_general.o(.text) for __default_signal_display
    defsig_fpe_inner.o(.text) refers to defsig_general.o(.text) for __default_signal_display
    defsig_rtred_inner.o(.text) refers to defsig_general.o(.text) for __default_signal_display
    defsig_stak_inner.o(.text) refers to defsig_general.o(.text) for __default_signal_display
    defsig_pvfn_inner.o(.text) refers to defsig_general.o(.text) for __default_signal_display
    defsig_cppl_inner.o(.text) refers to defsig_general.o(.text) for __default_signal_display
    defsig_segv_inner.o(.text) refers to defsig_general.o(.text) for __default_signal_display
    defsig_other.o(.text) refers to defsig_general.o(.text) for __default_signal_display


==============================================================================

Removing Unused input sections from the image.

    Removing main.o(.rev16_text), (4 bytes).
    Removing main.o(.revsh_text), (4 bytes).
    Removing main.o(.rrx_text), (6 bytes).
    Removing onewire.o(.rev16_text), (4 bytes).
    Removing onewire.o(.revsh_text), (4 bytes).
    Removing onewire.o(.rrx_text), (6 bytes).
    Removing proximity.o(.rev16_text), (4 bytes).
    Removing proximity.o(.revsh_text), (4 bytes).
    Removing proximity.o(.rrx_text), (6 bytes).
    Removing delay.o(.rev16_text), (4 bytes).
    Removing delay.o(.revsh_text), (4 bytes).
    Removing delay.o(.rrx_text), (6 bytes).
    Removing lcd.o(.rev16_text), (4 bytes).
    Removing lcd.o(.revsh_text), (4 bytes).
    Removing lcd.o(.rrx_text), (6 bytes).
    Removing leds.o(.rev16_text), (4 bytes).
    Removing leds.o(.revsh_text), (4 bytes).
    Removing leds.o(.rrx_text), (6 bytes).
    Removing gpio.o(.rev16_text), (4 bytes).
    Removing gpio.o(.revsh_text), (4 bytes).
    Removing gpio.o(.rrx_text), (6 bytes).
    Removing gpio.o(i.NVIC_EncodePriority), (64 bytes).
    Removing gpio.o(i.__NVIC_EnableIRQ), (34 bytes).
    Removing gpio.o(i.__NVIC_GetPriorityGrouping), (16 bytes).
    Removing gpio.o(i.__NVIC_SetPriority), (40 bytes).
    Removing gpio.o(i.gpio_get_range), (36 bytes).
    Removing gpio.o(i.gpio_set_callback), (652 bytes).
    Removing gpio.o(i.gpio_set_range), (40 bytes).
    Removing gpio.o(i.gpio_set_trigger), (128 bytes).
    Removing gpio.o(i.gpio_toggle), (30 bytes).
    Removing timer.o(.rev16_text), (4 bytes).
    Removing timer.o(.revsh_text), (4 bytes).
    Removing timer.o(.rrx_text), (6 bytes).
    Removing timer.o(i.timer_disable), (18 bytes).
    Removing system_stm32f4xx.o(.rev16_text), (4 bytes).
    Removing system_stm32f4xx.o(.revsh_text), (4 bytes).
    Removing system_stm32f4xx.o(.rrx_text), (6 bytes).
    Removing system_stm32f4xx.o(i.SystemCoreClockUpdate), (192 bytes).
    Removing system_stm32f4xx.o(.constdata), (24 bytes).

39 unused section(s) (total 1400 bytes) removed from the image.

==============================================================================

Image Symbol Table

    Local Symbols

    Symbol Name                              Value     Ov Type        Size  Object(Section)

    ../clib/angel/boardlib.s                 0x00000000   Number         0  boardinit1.o ABSOLUTE
    ../clib/angel/boardlib.s                 0x00000000   Number         0  boardinit3.o ABSOLUTE
    ../clib/angel/boardlib.s                 0x00000000   Number         0  boardinit2.o ABSOLUTE
    ../clib/angel/boardlib.s                 0x00000000   Number         0  boardshut.o ABSOLUTE
    ../clib/angel/handlers.s                 0x00000000   Number         0  __scatter_zi.o ABSOLUTE
    ../clib/angel/handlers.s                 0x00000000   Number         0  __scatter_copy.o ABSOLUTE
    ../clib/angel/kernel.s                   0x00000000   Number         0  rtexit2.o ABSOLUTE
    ../clib/angel/kernel.s                   0x00000000   Number         0  __rtentry.o ABSOLUTE
    ../clib/angel/kernel.s                   0x00000000   Number         0  rtexit.o ABSOLUTE
    ../clib/angel/kernel.s                   0x00000000   Number         0  __rtentry2.o ABSOLUTE
    ../clib/angel/kernel.s                   0x00000000   Number         0  __rtentry4.o ABSOLUTE
    ../clib/angel/rt.s                       0x00000000   Number         0  rt_raise.o ABSOLUTE
    ../clib/angel/rt.s                       0x00000000   Number         0  rt_locale.o ABSOLUTE
    ../clib/angel/rt.s                       0x00000000   Number         0  rt_locale_intlibspace.o ABSOLUTE
    ../clib/angel/scatter.s                  0x00000000   Number         0  __scatter.o ABSOLUTE
    ../clib/angel/startup.s                  0x00000000   Number         0  __main.o ABSOLUTE
    ../clib/angel/sys.s                      0x00000000   Number         0  use_no_semi.o ABSOLUTE
    ../clib/angel/sys.s                      0x00000000   Number         0  sys_stackheap_outer.o ABSOLUTE
    ../clib/angel/sys.s                      0x00000000   Number         0  libspace.o ABSOLUTE
    ../clib/angel/sys.s                      0x00000000   Number         0  indicate_semi.o ABSOLUTE
    ../clib/angel/sysapp.c                   0x00000000   Number         0  sys_wrch.o ABSOLUTE
    ../clib/angel/sysapp.c                   0x00000000   Number         0  sys_exit.o ABSOLUTE
    ../clib/angel/sysapp.c                   0x00000000   Number         0  sys_command.o ABSOLUTE
    ../clib/armsys.c                         0x00000000   Number         0  no_argv.o ABSOLUTE
    ../clib/armsys.c                         0x00000000   Number         0  _get_argv_nomalloc.o ABSOLUTE
    ../clib/armsys.c                         0x00000000   Number         0  argv_veneer.o ABSOLUTE
    ../clib/armsys.c                         0x00000000   Number         0  argv_veneer.o ABSOLUTE
    ../clib/bigflt.c                         0x00000000   Number         0  bigflt0.o ABSOLUTE
    ../clib/btod.s                           0x00000000   Number         0  btod.o ABSOLUTE
    ../clib/heapalloc.c                      0x00000000   Number         0  hrguard.o ABSOLUTE
    ../clib/heapaux.c                        0x00000000   Number         0  heapauxi.o ABSOLUTE
    ../clib/libinit.s                        0x00000000   Number         0  libinit2.o ABSOLUTE
    ../clib/libinit.s                        0x00000000   Number         0  libinit.o ABSOLUTE
    ../clib/libinit.s                        0x00000000   Number         0  libshutdown2.o ABSOLUTE
    ../clib/libinit.s                        0x00000000   Number         0  libshutdown.o ABSOLUTE
    ../clib/locale.s                         0x00000000   Number         0  lc_numeric_c.o ABSOLUTE
    ../clib/longlong.s                       0x00000000   Number         0  lludiv10.o ABSOLUTE
    ../clib/memcpset.s                       0x00000000   Number         0  strcmpv7m.o ABSOLUTE
    ../clib/misc.s                           0x00000000   Number         0  printf_stubs.o ABSOLUTE
    ../clib/printf.c                         0x00000000   Number         0  __2sprintf.o ABSOLUTE
    ../clib/printf.c                         0x00000000   Number         0  __printf_ss.o ABSOLUTE
    ../clib/printf.c                         0x00000000   Number         0  __printf_flags.o ABSOLUTE
    ../clib/printf.c                         0x00000000   Number         0  __printf_flags_ss.o ABSOLUTE
    ../clib/printf.c                         0x00000000   Number         0  _printf_fp_dec.o ABSOLUTE
    ../clib/printf.c                         0x00000000   Number         0  _printf_fp_infnan.o ABSOLUTE
    ../clib/printf.c                         0x00000000   Number         0  __printf_nopercent.o ABSOLUTE
    ../clib/printf.c                         0x00000000   Number         0  _printf_char_common.o ABSOLUTE
    ../clib/printf.c                         0x00000000   Number         0  __printf_flags_wp.o ABSOLUTE
    ../clib/printf.c                         0x00000000   Number         0  __printf_ss_wp.o ABSOLUTE
    ../clib/printf.c                         0x00000000   Number         0  _sputc.o ABSOLUTE
    ../clib/printf.c                         0x00000000   Number         0  __printf_flags_ss_wp.o ABSOLUTE
    ../clib/printf.c                         0x00000000   Number         0  __printf_wp.o ABSOLUTE
    ../clib/printf.c                         0x00000000   Number         0  __printf.o ABSOLUTE
    ../clib/printf.c                         0x00000000   Number         0  noretval__2sprintf.o ABSOLUTE
    ../clib/printf_percent.s                 0x00000000   Number         0  _printf_percent.o ABSOLUTE
    ../clib/printf_percent.s                 0x00000000   Number         0  _printf_percent_end.o ABSOLUTE
    ../clib/printf_percent.s                 0x00000000   Number         0  _printf_f.o ABSOLUTE
    ../clib/signal.c                         0x00000000   Number         0  defsig_general.o ABSOLUTE
    ../clib/signal.c                         0x00000000   Number         0  defsig_rtmem_outer.o ABSOLUTE
    ../clib/signal.c                         0x00000000   Number         0  defsig_stak_inner.o ABSOLUTE
    ../clib/signal.c                         0x00000000   Number         0  defsig_fpe_inner.o ABSOLUTE
    ../clib/signal.c                         0x00000000   Number         0  defsig_abrt_inner.o ABSOLUTE
    ../clib/signal.c                         0x00000000   Number         0  defsig_other.o ABSOLUTE
    ../clib/signal.c                         0x00000000   Number         0  defsig_pvfn_inner.o ABSOLUTE
    ../clib/signal.c                         0x00000000   Number         0  defsig_segv_inner.o ABSOLUTE
    ../clib/signal.c                         0x00000000   Number         0  __raise.o ABSOLUTE
    ../clib/signal.c                         0x00000000   Number         0  defsig_cppl_inner.o ABSOLUTE
    ../clib/signal.c                         0x00000000   Number         0  defsig_rtmem_inner.o ABSOLUTE
    ../clib/signal.c                         0x00000000   Number         0  defsig_rtred_inner.o ABSOLUTE
    ../clib/signal.c                         0x00000000   Number         0  defsig_rtmem_formal.o ABSOLUTE
    ../clib/signal.c                         0x00000000   Number         0  defsig_exit.o ABSOLUTE
    ../clib/signal.s                         0x00000000   Number         0  defsig.o ABSOLUTE
    ../clib/stdlib.c                         0x00000000   Number         0  exit.o ABSOLUTE
    ../fplib/d2f.s                           0x00000000   Number         0  d2f.o ABSOLUTE
    ../fplib/ddiv.s                          0x00000000   Number         0  ddiv.o ABSOLUTE
    ../fplib/dfixu.s                         0x00000000   Number         0  dfixu.o ABSOLUTE
    ../fplib/dflt.s                          0x00000000   Number         0  dflt_clz.o ABSOLUTE
    ../fplib/dmul.s                          0x00000000   Number         0  dmul.o ABSOLUTE
    ../fplib/dnaninf.s                       0x00000000   Number         0  dnaninf.o ABSOLUTE
    ../fplib/dretinf.s                       0x00000000   Number         0  dretinf.o ABSOLUTE
    ../fplib/f2d.s                           0x00000000   Number         0  f2d.o ABSOLUTE
    ../fplib/fnaninf.s                       0x00000000   Number         0  fnaninf.o ABSOLUTE
    ../fplib/fpinit.s                        0x00000000   Number         0  fpinit.o ABSOLUTE
    ../fplib/fretinf.s                       0x00000000   Number         0  fretinf.o ABSOLUTE
    ../fplib/istatus.s                       0x00000000   Number         0  istatus.o ABSOLUTE
    ../fplib/printf1.s                       0x00000000   Number         0  printf1.o ABSOLUTE
    ../fplib/usenofp.s                       0x00000000   Number         0  usenofp.o ABSOLUTE
    ../mathlib/fpclassify.c                  0x00000000   Number         0  fpclassify.o ABSOLUTE
    RTE\Device\STM32F401RETx\startup_stm32f401xe.s 0x00000000   Number         0  startup_stm32f401xe.o ABSOLUTE
    RTE\Device\STM32F401RETx\system_stm32f4xx.c 0x00000000   Number         0  system_stm32f4xx.o ABSOLUTE
    RTE\\Device\\STM32F401RETx\\system_stm32f4xx.c 0x00000000   Number         0  system_stm32f4xx.o ABSOLUTE
    dc.s                                     0x00000000   Number         0  dc.o ABSOLUTE
    drivers\\gpio.c                          0x00000000   Number         0  gpio.o ABSOLUTE
    drivers\\timer.c                         0x00000000   Number         0  timer.o ABSOLUTE
    drivers\gpio.c                           0x00000000   Number         0  gpio.o ABSOLUTE
    drivers\timer.c                          0x00000000   Number         0  timer.o ABSOLUTE
    src\\delay.c                             0x00000000   Number         0  delay.o ABSOLUTE
    src\\lcd.c                               0x00000000   Number         0  lcd.o ABSOLUTE
    src\\leds.c                              0x00000000   Number         0  leds.o ABSOLUTE
    src\\main.c                              0x00000000   Number         0  main.o ABSOLUTE
    src\\onewire.c                           0x00000000   Number         0  onewire.o ABSOLUTE
    src\\proximity.c                         0x00000000   Number         0  proximity.o ABSOLUTE
    src\delay.c                              0x00000000   Number         0  delay.o ABSOLUTE
    src\lcd.c                                0x00000000   Number         0  lcd.o ABSOLUTE
    src\leds.c                               0x00000000   Number         0  leds.o ABSOLUTE
    src\main.c                               0x00000000   Number         0  main.o ABSOLUTE
    src\onewire.c                            0x00000000   Number         0  onewire.o ABSOLUTE
    src\proximity.c                          0x00000000   Number         0  proximity.o ABSOLUTE
    src\thermometer.c                        0x00000000   Number         0  thermometer.o ABSOLUTE
    RESET                                    0x08000000   Section      404  startup_stm32f401xe.o(RESET)
    !!!main                                  0x08000194   Section        8  __main.o(!!!main)
    !!!scatter                               0x0800019c   Section       52  __scatter.o(!!!scatter)
    !!handler_copy                           0x080001d0   Section       26  __scatter_copy.o(!!handler_copy)
    !!handler_zi                             0x080001ec   Section       28  __scatter_zi.o(!!handler_zi)
    .ARM.Collect$$_printf_percent$$00000000  0x08000208   Section        0  _printf_percent.o(.ARM.Collect$$_printf_percent$$00000000)
    .ARM.Collect$$_printf_percent$$00000003  0x08000208   Section        6  _printf_f.o(.ARM.Collect$$_printf_percent$$00000003)
    .ARM.Collect$$_printf_percent$$00000017  0x0800020e   Section        4  _printf_percent_end.o(.ARM.Collect$$_printf_percent$$00000017)
    .ARM.Collect$$libinit$$00000000          0x08000212   Section        2  libinit.o(.ARM.Collect$$libinit$$00000000)
    .ARM.Collect$$libinit$$00000001          0x08000214   Section        4  libinit2.o(.ARM.Collect$$libinit$$00000001)
    .ARM.Collect$$libinit$$00000004          0x08000218   Section        0  libinit2.o(.ARM.Collect$$libinit$$00000004)
    .ARM.Collect$$libinit$$0000000A          0x08000218   Section        0  libinit2.o(.ARM.Collect$$libinit$$0000000A)
    .ARM.Collect$$libinit$$0000000C          0x08000218   Section        0  libinit2.o(.ARM.Collect$$libinit$$0000000C)
    .ARM.Collect$$libinit$$0000000E          0x08000218   Section        0  libinit2.o(.ARM.Collect$$libinit$$0000000E)
    .ARM.Collect$$libinit$$0000000F          0x08000218   Section        6  libinit2.o(.ARM.Collect$$libinit$$0000000F)
    .ARM.Collect$$libinit$$00000011          0x0800021e   Section        0  libinit2.o(.ARM.Collect$$libinit$$00000011)
    .ARM.Collect$$libinit$$00000013          0x0800021e   Section        0  libinit2.o(.ARM.Collect$$libinit$$00000013)
    .ARM.Collect$$libinit$$00000015          0x0800021e   Section        0  libinit2.o(.ARM.Collect$$libinit$$00000015)
    .ARM.Collect$$libinit$$00000016          0x0800021e   Section       10  libinit2.o(.ARM.Collect$$libinit$$00000016)
    .ARM.Collect$$libinit$$00000017          0x08000228   Section        0  libinit2.o(.ARM.Collect$$libinit$$00000017)
    .ARM.Collect$$libinit$$00000019          0x08000228   Section        0  libinit2.o(.ARM.Collect$$libinit$$00000019)
    .ARM.Collect$$libinit$$0000001B          0x08000228   Section        0  libinit2.o(.ARM.Collect$$libinit$$0000001B)
    .ARM.Collect$$libinit$$0000001D          0x08000228   Section        0  libinit2.o(.ARM.Collect$$libinit$$0000001D)
    .ARM.Collect$$libinit$$0000001F          0x08000228   Section        0  libinit2.o(.ARM.Collect$$libinit$$0000001F)
    .ARM.Collect$$libinit$$00000021          0x08000228   Section        0  libinit2.o(.ARM.Collect$$libinit$$00000021)
    .ARM.Collect$$libinit$$00000023          0x08000228   Section        0  libinit2.o(.ARM.Collect$$libinit$$00000023)
    .ARM.Collect$$libinit$$00000025          0x08000228   Section        0  libinit2.o(.ARM.Collect$$libinit$$00000025)
    .ARM.Collect$$libinit$$0000002C          0x08000228   Section        0  libinit2.o(.ARM.Collect$$libinit$$0000002C)
    .ARM.Collect$$libinit$$0000002E          0x08000228   Section        0  libinit2.o(.ARM.Collect$$libinit$$0000002E)
    .ARM.Collect$$libinit$$00000030          0x08000228   Section        0  libinit2.o(.ARM.Collect$$libinit$$00000030)
    .ARM.Collect$$libinit$$00000032          0x08000228   Section        0  libinit2.o(.ARM.Collect$$libinit$$00000032)
    .ARM.Collect$$libinit$$00000033          0x08000228   Section        2  libinit2.o(.ARM.Collect$$libinit$$00000033)
    .ARM.Collect$$libshutdown$$00000000      0x0800022a   Section        2  libshutdown.o(.ARM.Collect$$libshutdown$$00000000)
    .ARM.Collect$$libshutdown$$00000002      0x0800022c   Section        0  libshutdown2.o(.ARM.Collect$$libshutdown$$00000002)
    .ARM.Collect$$libshutdown$$00000004      0x0800022c   Section        0  libshutdown2.o(.ARM.Collect$$libshutdown$$00000004)
    .ARM.Collect$$libshutdown$$00000007      0x0800022c   Section        0  libshutdown2.o(.ARM.Collect$$libshutdown$$00000007)
    .ARM.Collect$$libshutdown$$0000000A      0x0800022c   Section        0  libshutdown2.o(.ARM.Collect$$libshutdown$$0000000A)
    .ARM.Collect$$libshutdown$$0000000C      0x0800022c   Section        0  libshutdown2.o(.ARM.Collect$$libshutdown$$0000000C)
    .ARM.Collect$$libshutdown$$0000000F      0x0800022c   Section        0  libshutdown2.o(.ARM.Collect$$libshutdown$$0000000F)
    .ARM.Collect$$libshutdown$$00000010      0x0800022c   Section        2  libshutdown2.o(.ARM.Collect$$libshutdown$$00000010)
    .ARM.Collect$$rtentry$$00000000          0x0800022e   Section        0  __rtentry.o(.ARM.Collect$$rtentry$$00000000)
    .ARM.Collect$$rtentry$$00000002          0x0800022e   Section        0  __rtentry2.o(.ARM.Collect$$rtentry$$00000002)
    .ARM.Collect$$rtentry$$00000004          0x0800022e   Section        6  __rtentry4.o(.ARM.Collect$$rtentry$$00000004)
    .ARM.Collect$$rtentry$$00000009          0x08000234   Section        0  __rtentry2.o(.ARM.Collect$$rtentry$$00000009)
    .ARM.Collect$$rtentry$$0000000A          0x08000234   Section        4  __rtentry2.o(.ARM.Collect$$rtentry$$0000000A)
    .ARM.Collect$$rtentry$$0000000C          0x08000238   Section        0  __rtentry2.o(.ARM.Collect$$rtentry$$0000000C)
    .ARM.Collect$$rtentry$$0000000D          0x08000238   Section        8  __rtentry2.o(.ARM.Collect$$rtentry$$0000000D)
    .ARM.Collect$$rtexit$$00000000           0x08000240   Section        2  rtexit.o(.ARM.Collect$$rtexit$$00000000)
    .ARM.Collect$$rtexit$$00000002           0x08000242   Section        0  rtexit2.o(.ARM.Collect$$rtexit$$00000002)
    .ARM.Collect$$rtexit$$00000003           0x08000242   Section        4  rtexit2.o(.ARM.Collect$$rtexit$$00000003)
    .ARM.Collect$$rtexit$$00000004           0x08000246   Section        6  rtexit2.o(.ARM.Collect$$rtexit$$00000004)
    .emb_text                                0x0800024c   Section       12  delay.o(.emb_text)
    $v0                                      0x0800024c   Number         0  delay.o(.emb_text)
    .text                                    0x08000258   Section       64  startup_stm32f401xe.o(.text)
    $v0                                      0x08000258   Number         0  startup_stm32f401xe.o(.text)
    .text                                    0x08000298   Section        0  noretval__2sprintf.o(.text)
    .text                                    0x080002c0   Section        0  __printf_wp.o(.text)
    .text                                    0x080003ce   Section        0  heapauxi.o(.text)
    .text                                    0x080003d4   Section        0  _printf_fp_dec.o(.text)
    _fp_digits                               0x080003d7   Thumb Code   432  _printf_fp_dec.o(.text)
    .text                                    0x080007f4   Section        0  _printf_char_common.o(.text)
    _printf_input_char                       0x080007f5   Thumb Code    10  _printf_char_common.o(.text)
    .text                                    0x08000824   Section        0  _sputc.o(.text)
    .text                                    0x08000830   Section        8  rt_locale_intlibspace.o(.text)
    .text                                    0x08000838   Section      138  lludiv10.o(.text)
    .text                                    0x080008c4   Section        0  _printf_fp_infnan.o(.text)
    .text                                    0x08000944   Section        0  bigflt0.o(.text)
    .text                                    0x08000a28   Section        8  libspace.o(.text)
    .text                                    0x08000a30   Section       74  sys_stackheap_outer.o(.text)
    .text                                    0x08000a7a   Section        0  exit.o(.text)
    .text                                    0x08000a8c   Section      128  strcmpv7m.o(.text)
    .text                                    0x08000b0c   Section        0  sys_exit.o(.text)
    .text                                    0x08000b18   Section        2  use_no_semi.o(.text)
    .text                                    0x08000b1a   Section        0  indicate_semi.o(.text)
    CL$$btod_d2e                             0x08000b1a   Section       62  btod.o(CL$$btod_d2e)
    CL$$btod_d2e_denorm_low                  0x08000b58   Section       70  btod.o(CL$$btod_d2e_denorm_low)
    CL$$btod_d2e_norm_op1                    0x08000b9e   Section       96  btod.o(CL$$btod_d2e_norm_op1)
    CL$$btod_div_common                      0x08000bfe   Section      824  btod.o(CL$$btod_div_common)
    CL$$btod_e2e                             0x08000f36   Section      220  btod.o(CL$$btod_e2e)
    CL$$btod_ediv                            0x08001012   Section       42  btod.o(CL$$btod_ediv)
    CL$$btod_emul                            0x0800103c   Section       42  btod.o(CL$$btod_emul)
    CL$$btod_mult_common                     0x08001066   Section      580  btod.o(CL$$btod_mult_common)
    i.EXTI0_IRQHandler                       0x080012ac   Section        0  gpio.o(i.EXTI0_IRQHandler)
    i.EXTI15_10_IRQHandler                   0x08001318   Section        0  gpio.o(i.EXTI15_10_IRQHandler)
    i.EXTI1_IRQHandler                       0x08001384   Section        0  gpio.o(i.EXTI1_IRQHandler)
    i.EXTI2_IRQHandler                       0x080013f0   Section        0  gpio.o(i.EXTI2_IRQHandler)
    i.EXTI3_IRQHandler                       0x0800145c   Section        0  gpio.o(i.EXTI3_IRQHandler)
    i.EXTI4_IRQHandler                       0x080014c8   Section        0  gpio.o(i.EXTI4_IRQHandler)
    i.EXTI9_5_IRQHandler                     0x08001534   Section        0  gpio.o(i.EXTI9_5_IRQHandler)
    i.SysTick_Handler                        0x080015a0   Section        0  timer.o(i.SysTick_Handler)
    i.SystemInit                             0x080015b0   Section        0  system_stm32f4xx.o(i.SystemInit)
    i.__ARM_fpclassify                       0x08001614   Section        0  fpclassify.o(i.__ARM_fpclassify)
    i.__NVIC_ClearPendingIRQ                 0x08001644   Section        0  gpio.o(i.__NVIC_ClearPendingIRQ)
    __NVIC_ClearPendingIRQ                   0x08001645   Thumb Code    22  gpio.o(i.__NVIC_ClearPendingIRQ)
    i.__NVIC_SetPriority                     0x08001660   Section        0  timer.o(i.__NVIC_SetPriority)
    __NVIC_SetPriority                       0x08001661   Thumb Code    32  timer.o(i.__NVIC_SetPriority)
    i._is_digit                              0x08001688   Section        0  __printf_wp.o(i._is_digit)
    i.delay_ms                               0x08001698   Section        0  delay.o(i.delay_ms)
    i.delay_us                               0x080016ec   Section        0  delay.o(i.delay_us)
    i.get_distance                           0x08001740   Section        0  proximity.o(i.get_distance)
    i.get_temprature                         0x080017a0   Section        0  thermometer.o(i.get_temprature)
    i.gpio_get                               0x0800181c   Section        0  gpio.o(i.gpio_get)
    i.gpio_set                               0x08001838   Section        0  gpio.o(i.gpio_set)
    i.gpio_set_mode                          0x0800185c   Section        0  gpio.o(i.gpio_set_mode)
    i.lcd_clear                              0x08001988   Section        0  lcd.o(i.lcd_clear)
    i.lcd_init                               0x080019a4   Section        0  lcd.o(i.lcd_init)
    i.lcd_print                              0x08001a4c   Section        0  lcd.o(i.lcd_print)
    i.lcd_put_char                           0x08001a80   Section        0  lcd.o(i.lcd_put_char)
    i.lcd_read_status                        0x08001a8c   Section        0  lcd.o(i.lcd_read_status)
    i.lcd_set_cursor                         0x08001b2c   Section        0  lcd.o(i.lcd_set_cursor)
    i.lcd_set_cursor_visible                 0x08001b4c   Section        0  lcd.o(i.lcd_set_cursor_visible)
    i.lcd_write_4bit                         0x08001b64   Section        0  lcd.o(i.lcd_write_4bit)
    i.lcd_write_cmd                          0x08001bb8   Section        0  lcd.o(i.lcd_write_cmd)
    i.lcd_write_data                         0x08001bd6   Section        0  lcd.o(i.lcd_write_data)
    lcd_write_data                           0x08001bd7   Thumb Code    32  lcd.o(i.lcd_write_data)
    i.leds_init                              0x08001bf8   Section        0  leds.o(i.leds_init)
    i.leds_set                               0x08001c24   Section        0  leds.o(i.leds_set)
    i.main                                   0x08001c6c   Section        0  main.o(i.main)
    i.onewire_init                           0x08001ef4   Section        0  onewire.o(i.onewire_init)
    i.onewire_read                           0x08001f84   Section        0  onewire.o(i.onewire_read)
    i.onewire_read_byte                      0x08001fa0   Section        0  onewire.o(i.onewire_read_byte)
    i.onewire_transaction_init               0x08001fc0   Section        0  onewire.o(i.onewire_transaction_init)
    i.onewire_write                          0x08001fe2   Section        0  onewire.o(i.onewire_write)
    i.onewire_write_byte                     0x08002000   Section        0  onewire.o(i.onewire_write_byte)
    i.proximity_init                         0x0800201a   Section        0  proximity.o(i.proximity_init)
    i.set_data_dir                           0x08002038   Section        0  lcd.o(i.set_data_dir)
    set_data_dir                             0x08002039   Thumb Code    30  lcd.o(i.set_data_dir)
    i.thermometer_init                       0x0800205c   Section        0  thermometer.o(i.thermometer_init)
    i.timer_enable                           0x08002064   Section        0  timer.o(i.timer_enable)
    i.timer_handler                          0x08002070   Section        0  main.o(i.timer_handler)
    i.timer_init                             0x0800208c   Section        0  timer.o(i.timer_init)
    i.timer_set_callback                     0x0800216c   Section        0  timer.o(i.timer_set_callback)
    i.uart6_rx                               0x08002178   Section        0  onewire.o(i.uart6_rx)
    i.uart6_set_rate                         0x08002194   Section        0  onewire.o(i.uart6_set_rate)
    i.uart6_tx                               0x080021e0   Section        0  onewire.o(i.uart6_tx)
    i.wait_while_busy                        0x08002208   Section        0  lcd.o(i.wait_while_busy)
    wait_while_busy                          0x08002209   Thumb Code    18  lcd.o(i.wait_while_busy)
    locale$$code                             0x0800221c   Section       44  lc_numeric_c.o(locale$$code)
    x$fpl$d2f                                0x08002248   Section       98  d2f.o(x$fpl$d2f)
    $v0                                      0x08002248   Number         0  d2f.o(x$fpl$d2f)
    x$fpl$ddiv                               0x080022ac   Section      688  ddiv.o(x$fpl$ddiv)
    $v0                                      0x080022ac   Number         0  ddiv.o(x$fpl$ddiv)
    ddiv_entry                               0x080022b3   Thumb Code     0  ddiv.o(x$fpl$ddiv)
    x$fpl$dfixu                              0x0800255c   Section       90  dfixu.o(x$fpl$dfixu)
    $v0                                      0x0800255c   Number         0  dfixu.o(x$fpl$dfixu)
    x$fpl$dflt                               0x080025b6   Section       46  dflt_clz.o(x$fpl$dflt)
    $v0                                      0x080025b6   Number         0  dflt_clz.o(x$fpl$dflt)
    x$fpl$dfltu                              0x080025e4   Section       38  dflt_clz.o(x$fpl$dfltu)
    $v0                                      0x080025e4   Number         0  dflt_clz.o(x$fpl$dfltu)
    x$fpl$dmul                               0x0800260c   Section      340  dmul.o(x$fpl$dmul)
    $v0                                      0x0800260c   Number         0  dmul.o(x$fpl$dmul)
    x$fpl$dnaninf                            0x08002760   Section      156  dnaninf.o(x$fpl$dnaninf)
    $v0                                      0x08002760   Number         0  dnaninf.o(x$fpl$dnaninf)
    x$fpl$dretinf                            0x080027fc   Section       12  dretinf.o(x$fpl$dretinf)
    $v0                                      0x080027fc   Number         0  dretinf.o(x$fpl$dretinf)
    x$fpl$f2d                                0x08002808   Section       86  f2d.o(x$fpl$f2d)
    $v0                                      0x08002808   Number         0  f2d.o(x$fpl$f2d)
    x$fpl$fnaninf                            0x0800285e   Section      140  fnaninf.o(x$fpl$fnaninf)
    $v0                                      0x0800285e   Number         0  fnaninf.o(x$fpl$fnaninf)
    x$fpl$fpinit                             0x080028ea   Section       10  fpinit.o(x$fpl$fpinit)
    $v0                                      0x080028ea   Number         0  fpinit.o(x$fpl$fpinit)
    x$fpl$fretinf                            0x080028f4   Section       10  fretinf.o(x$fpl$fretinf)
    $v0                                      0x080028f4   Number         0  fretinf.o(x$fpl$fretinf)
    x$fpl$printf1                            0x080028fe   Section        4  printf1.o(x$fpl$printf1)
    $v0                                      0x080028fe   Number         0  printf1.o(x$fpl$printf1)
    x$fpl$usenofp                            0x08002902   Section        0  usenofp.o(x$fpl$usenofp)
    .constdata                               0x08002904   Section      148  bigflt0.o(.constdata)
    tenpwrs_x                                0x08002904   Data          60  bigflt0.o(.constdata)
    tenpwrs_i                                0x08002940   Data          64  bigflt0.o(.constdata)
    locale$$data                             0x080029b8   Section       28  lc_numeric_c.o(locale$$data)
    __lcnum_c_name                           0x080029bc   Data           2  lc_numeric_c.o(locale$$data)
    __lcnum_c_start                          0x080029c4   Data           0  lc_numeric_c.o(locale$$data)
    __lcnum_c_point                          0x080029d0   Data           0  lc_numeric_c.o(locale$$data)
    __lcnum_c_thousands                      0x080029d2   Data           0  lc_numeric_c.o(locale$$data)
    __lcnum_c_grouping                       0x080029d3   Data           0  lc_numeric_c.o(locale$$data)
    __lcnum_c_end                            0x080029d4   Data           0  lc_numeric_c.o(locale$$data)
    .data                                    0x20000000   Section       16  main.o(.data)
    .data                                    0x20000010   Section       20  lcd.o(.data)
    .data                                    0x20000024   Section       28  gpio.o(.data)
    GPIO_callback                            0x2000003c   Data           4  gpio.o(.data)
    .data                                    0x20000040   Section        8  timer.o(.data)
    timer_callback                           0x20000044   Data           4  timer.o(.data)
    .data                                    0x20000048   Section        4  system_stm32f4xx.o(.data)
    .bss                                     0x2000004c   Section       32  main.o(.bss)
    .bss                                     0x2000006c   Section       96  libspace.o(.bss)
    HEAP                                     0x200000d0   Section      512  startup_stm32f401xe.o(HEAP)
    Heap_Mem                                 0x200000d0   Data         512  startup_stm32f401xe.o(HEAP)
    STACK                                    0x200002d0   Section     1024  startup_stm32f401xe.o(STACK)
    Stack_Mem                                0x200002d0   Data        1024  startup_stm32f401xe.o(STACK)
    __initial_sp                             0x200006d0   Data           0  startup_stm32f401xe.o(STACK)

    Global Symbols

    Symbol Name                              Value     Ov Type        Size  Object(Section)

    BuildAttributes$$THM_ISAv4$E$P$D$K$B$S$7EM$VFPi3$EXTD16$VFPS$VFMA$PE$A:L22UL41UL21$X:L11$S22US41US21$IEEE1$IW$USESV6$~STKCKD$USESV7$~SHL$OTIME$ROPI$IEEEJ$EBA8$UX$STANDARDLIB$REQ8$PRES8$EABIv2 0x00000000   Number         0  anon$$obj.o ABSOLUTE
    __ARM_use_no_argv                        0x00000000   Number         0  main.o ABSOLUTE
    _printf_flags                            0x00000000   Number         0  printf_stubs.o ABSOLUTE
    _printf_return_value                     0x00000000   Number         0  printf_stubs.o ABSOLUTE
    _printf_sizespec                         0x00000000   Number         0  printf_stubs.o ABSOLUTE
    _printf_widthprec                        0x00000000   Number         0  printf_stubs.o ABSOLUTE
    __ARM_exceptions_init                     - Undefined Weak Reference
    __alloca_initialize                       - Undefined Weak Reference
    __arm_preinit_                            - Undefined Weak Reference
    __cpp_initialize__aeabi_                  - Undefined Weak Reference
    __cxa_finalize                            - Undefined Weak Reference
    __sigvec_lookup                           - Undefined Weak Reference
    _atexit_init                              - Undefined Weak Reference
    _call_atexit_fns                          - Undefined Weak Reference
    _clock_init                               - Undefined Weak Reference
    _fp_trap_init                             - Undefined Weak Reference
    _fp_trap_shutdown                         - Undefined Weak Reference
    _get_lc_collate                           - Undefined Weak Reference
    _get_lc_ctype                             - Undefined Weak Reference
    _get_lc_monetary                          - Undefined Weak Reference
    _get_lc_time                              - Undefined Weak Reference
    _getenv_init                              - Undefined Weak Reference
    _handle_redirection                       - Undefined Weak Reference
    _init_alloc                               - Undefined Weak Reference
    _init_user_alloc                          - Undefined Weak Reference
    _initio                                   - Undefined Weak Reference
    _printf_post_padding                      - Undefined Weak Reference
    _printf_pre_padding                       - Undefined Weak Reference
    _rand_init                                - Undefined Weak Reference
    _signal_finish                            - Undefined Weak Reference
    _signal_init                              - Undefined Weak Reference
    _terminate_alloc                          - Undefined Weak Reference
    _terminate_user_alloc                     - Undefined Weak Reference
    _terminateio                              - Undefined Weak Reference
    __Vectors_Size                           0x00000194   Number         0  startup_stm32f401xe.o ABSOLUTE
    __Vectors                                0x08000000   Data           4  startup_stm32f401xe.o(RESET)
    __Vectors_End                            0x08000194   Data           0  startup_stm32f401xe.o(RESET)
    __main                                   0x08000195   Thumb Code     8  __main.o(!!!main)
    __scatterload                            0x0800019d   Thumb Code     0  __scatter.o(!!!scatter)
    __scatterload_rt2                        0x0800019d   Thumb Code    44  __scatter.o(!!!scatter)
    __scatterload_rt2_thumb_only             0x0800019d   Thumb Code     0  __scatter.o(!!!scatter)
    __scatterload_null                       0x080001ab   Thumb Code     0  __scatter.o(!!!scatter)
    __scatterload_copy                       0x080001d1   Thumb Code    26  __scatter_copy.o(!!handler_copy)
    __scatterload_zeroinit                   0x080001ed   Thumb Code    28  __scatter_zi.o(!!handler_zi)
    _printf_f                                0x08000209   Thumb Code     0  _printf_f.o(.ARM.Collect$$_printf_percent$$00000003)
    _printf_percent                          0x08000209   Thumb Code     0  _printf_percent.o(.ARM.Collect$$_printf_percent$$00000000)
    _printf_percent_end                      0x0800020f   Thumb Code     0  _printf_percent_end.o(.ARM.Collect$$_printf_percent$$00000017)
    __rt_lib_init                            0x08000213   Thumb Code     0  libinit.o(.ARM.Collect$$libinit$$00000000)
    __rt_lib_init_fp_1                       0x08000215   Thumb Code     0  libinit2.o(.ARM.Collect$$libinit$$00000001)
    __rt_lib_init_heap_1                     0x08000219   Thumb Code     0  libinit2.o(.ARM.Collect$$libinit$$0000000A)
    __rt_lib_init_lc_common                  0x08000219   Thumb Code     0  libinit2.o(.ARM.Collect$$libinit$$0000000F)
    __rt_lib_init_preinit_1                  0x08000219   Thumb Code     0  libinit2.o(.ARM.Collect$$libinit$$00000004)
    __rt_lib_init_rand_1                     0x08000219   Thumb Code     0  libinit2.o(.ARM.Collect$$libinit$$0000000E)
    __rt_lib_init_user_alloc_1               0x08000219   Thumb Code     0  libinit2.o(.ARM.Collect$$libinit$$0000000C)
    __rt_lib_init_lc_collate_1               0x0800021f   Thumb Code     0  libinit2.o(.ARM.Collect$$libinit$$00000011)
    __rt_lib_init_lc_ctype_1                 0x0800021f   Thumb Code     0  libinit2.o(.ARM.Collect$$libinit$$00000013)
    __rt_lib_init_lc_monetary_1              0x0800021f   Thumb Code     0  libinit2.o(.ARM.Collect$$libinit$$00000015)
    __rt_lib_init_lc_numeric_2               0x0800021f   Thumb Code     0  libinit2.o(.ARM.Collect$$libinit$$00000016)
    __rt_lib_init_alloca_1                   0x08000229   Thumb Code     0  libinit2.o(.ARM.Collect$$libinit$$0000002E)
    __rt_lib_init_argv_1                     0x08000229   Thumb Code     0  libinit2.o(.ARM.Collect$$libinit$$0000002C)
    __rt_lib_init_atexit_1                   0x08000229   Thumb Code     0  libinit2.o(.ARM.Collect$$libinit$$0000001B)
    __rt_lib_init_clock_1                    0x08000229   Thumb Code     0  libinit2.o(.ARM.Collect$$libinit$$00000021)
    __rt_lib_init_cpp_1                      0x08000229   Thumb Code     0  libinit2.o(.ARM.Collect$$libinit$$00000032)
    __rt_lib_init_exceptions_1               0x08000229   Thumb Code     0  libinit2.o(.ARM.Collect$$libinit$$00000030)
    __rt_lib_init_fp_trap_1                  0x08000229   Thumb Code     0  libinit2.o(.ARM.Collect$$libinit$$0000001F)
    __rt_lib_init_getenv_1                   0x08000229   Thumb Code     0  libinit2.o(.ARM.Collect$$libinit$$00000023)
    __rt_lib_init_lc_numeric_1               0x08000229   Thumb Code     0  libinit2.o(.ARM.Collect$$libinit$$00000017)
    __rt_lib_init_lc_time_1                  0x08000229   Thumb Code     0  libinit2.o(.ARM.Collect$$libinit$$00000019)
    __rt_lib_init_return                     0x08000229   Thumb Code     0  libinit2.o(.ARM.Collect$$libinit$$00000033)
    __rt_lib_init_signal_1                   0x08000229   Thumb Code     0  libinit2.o(.ARM.Collect$$libinit$$0000001D)
    __rt_lib_init_stdio_1                    0x08000229   Thumb Code     0  libinit2.o(.ARM.Collect$$libinit$$00000025)
    __rt_lib_shutdown                        0x0800022b   Thumb Code     0  libshutdown.o(.ARM.Collect$$libshutdown$$00000000)
    __rt_lib_shutdown_cpp_1                  0x0800022d   Thumb Code     0  libshutdown2.o(.ARM.Collect$$libshutdown$$00000002)
    __rt_lib_shutdown_fp_trap_1              0x0800022d   Thumb Code     0  libshutdown2.o(.ARM.Collect$$libshutdown$$00000007)
    __rt_lib_shutdown_heap_1                 0x0800022d   Thumb Code     0  libshutdown2.o(.ARM.Collect$$libshutdown$$0000000F)
    __rt_lib_shutdown_return                 0x0800022d   Thumb Code     0  libshutdown2.o(.ARM.Collect$$libshutdown$$00000010)
    __rt_lib_shutdown_signal_1               0x0800022d   Thumb Code     0  libshutdown2.o(.ARM.Collect$$libshutdown$$0000000A)
    __rt_lib_shutdown_stdio_1                0x0800022d   Thumb Code     0  libshutdown2.o(.ARM.Collect$$libshutdown$$00000004)
    __rt_lib_shutdown_user_alloc_1           0x0800022d   Thumb Code     0  libshutdown2.o(.ARM.Collect$$libshutdown$$0000000C)
    __rt_entry                               0x0800022f   Thumb Code     0  __rtentry.o(.ARM.Collect$$rtentry$$00000000)
    __rt_entry_presh_1                       0x0800022f   Thumb Code     0  __rtentry2.o(.ARM.Collect$$rtentry$$00000002)
    __rt_entry_sh                            0x0800022f   Thumb Code     0  __rtentry4.o(.ARM.Collect$$rtentry$$00000004)
    __rt_entry_li                            0x08000235   Thumb Code     0  __rtentry2.o(.ARM.Collect$$rtentry$$0000000A)
    __rt_entry_postsh_1                      0x08000235   Thumb Code     0  __rtentry2.o(.ARM.Collect$$rtentry$$00000009)
    __rt_entry_main                          0x08000239   Thumb Code     0  __rtentry2.o(.ARM.Collect$$rtentry$$0000000D)
    __rt_entry_postli_1                      0x08000239   Thumb Code     0  __rtentry2.o(.ARM.Collect$$rtentry$$0000000C)
    __rt_exit                                0x08000241   Thumb Code     0  rtexit.o(.ARM.Collect$$rtexit$$00000000)
    __rt_exit_ls                             0x08000243   Thumb Code     0  rtexit2.o(.ARM.Collect$$rtexit$$00000003)
    __rt_exit_prels_1                        0x08000243   Thumb Code     0  rtexit2.o(.ARM.Collect$$rtexit$$00000002)
    __rt_exit_exit                           0x08000247   Thumb Code     0  rtexit2.o(.ARM.Collect$$rtexit$$00000004)
    delay_cycles                             0x0800024d   Thumb Code    12  delay.o(.emb_text)
    Reset_Handler                            0x08000259   Thumb Code     8  startup_stm32f401xe.o(.text)
    NMI_Handler                              0x08000261   Thumb Code     2  startup_stm32f401xe.o(.text)
    HardFault_Handler                        0x08000263   Thumb Code     2  startup_stm32f401xe.o(.text)
    MemManage_Handler                        0x08000265   Thumb Code     2  startup_stm32f401xe.o(.text)
    BusFault_Handler                         0x08000267   Thumb Code     2  startup_stm32f401xe.o(.text)
    UsageFault_Handler                       0x08000269   Thumb Code     2  startup_stm32f401xe.o(.text)
    SVC_Handler                              0x0800026b   Thumb Code     2  startup_stm32f401xe.o(.text)
    DebugMon_Handler                         0x0800026d   Thumb Code     2  startup_stm32f401xe.o(.text)
    PendSV_Handler                           0x0800026f   Thumb Code     2  startup_stm32f401xe.o(.text)
    ADC_IRQHandler                           0x08000273   Thumb Code     0  startup_stm32f401xe.o(.text)
    DMA1_Stream0_IRQHandler                  0x08000273   Thumb Code     0  startup_stm32f401xe.o(.text)
    DMA1_Stream1_IRQHandler                  0x08000273   Thumb Code     0  startup_stm32f401xe.o(.text)
    DMA1_Stream2_IRQHandler                  0x08000273   Thumb Code     0  startup_stm32f401xe.o(.text)
    DMA1_Stream3_IRQHandler                  0x08000273   Thumb Code     0  startup_stm32f401xe.o(.text)
    DMA1_Stream4_IRQHandler                  0x08000273   Thumb Code     0  startup_stm32f401xe.o(.text)
    DMA1_Stream5_IRQHandler                  0x08000273   Thumb Code     0  startup_stm32f401xe.o(.text)
    DMA1_Stream6_IRQHandler                  0x08000273   Thumb Code     0  startup_stm32f401xe.o(.text)
    DMA1_Stream7_IRQHandler                  0x08000273   Thumb Code     0  startup_stm32f401xe.o(.text)
    DMA2_Stream0_IRQHandler                  0x08000273   Thumb Code     0  startup_stm32f401xe.o(.text)
    DMA2_Stream1_IRQHandler                  0x08000273   Thumb Code     0  startup_stm32f401xe.o(.text)
    DMA2_Stream2_IRQHandler                  0x08000273   Thumb Code     0  startup_stm32f401xe.o(.text)
    DMA2_Stream3_IRQHandler                  0x08000273   Thumb Code     0  startup_stm32f401xe.o(.text)
    DMA2_Stream4_IRQHandler                  0x08000273   Thumb Code     0  startup_stm32f401xe.o(.text)
    DMA2_Stream5_IRQHandler                  0x08000273   Thumb Code     0  startup_stm32f401xe.o(.text)
    DMA2_Stream6_IRQHandler                  0x08000273   Thumb Code     0  startup_stm32f401xe.o(.text)
    DMA2_Stream7_IRQHandler                  0x08000273   Thumb Code     0  startup_stm32f401xe.o(.text)
    FLASH_IRQHandler                         0x08000273   Thumb Code     0  startup_stm32f401xe.o(.text)
    FPU_IRQHandler                           0x08000273   Thumb Code     0  startup_stm32f401xe.o(.text)
    I2C1_ER_IRQHandler                       0x08000273   Thumb Code     0  startup_stm32f401xe.o(.text)
    I2C1_EV_IRQHandler                       0x08000273   Thumb Code     0  startup_stm32f401xe.o(.text)
    I2C2_ER_IRQHandler                       0x08000273   Thumb Code     0  startup_stm32f401xe.o(.text)
    I2C2_EV_IRQHandler                       0x08000273   Thumb Code     0  startup_stm32f401xe.o(.text)
    I2C3_ER_IRQHandler                       0x08000273   Thumb Code     0  startup_stm32f401xe.o(.text)
    I2C3_EV_IRQHandler                       0x08000273   Thumb Code     0  startup_stm32f401xe.o(.text)
    OTG_FS_IRQHandler                        0x08000273   Thumb Code     0  startup_stm32f401xe.o(.text)
    OTG_FS_WKUP_IRQHandler                   0x08000273   Thumb Code     0  startup_stm32f401xe.o(.text)
    PVD_IRQHandler                           0x08000273   Thumb Code     0  startup_stm32f401xe.o(.text)
    RCC_IRQHandler                           0x08000273   Thumb Code     0  startup_stm32f401xe.o(.text)
    RTC_Alarm_IRQHandler                     0x08000273   Thumb Code     0  startup_stm32f401xe.o(.text)
    RTC_WKUP_IRQHandler                      0x08000273   Thumb Code     0  startup_stm32f401xe.o(.text)
    SDIO_IRQHandler                          0x08000273   Thumb Code     0  startup_stm32f401xe.o(.text)
    SPI1_IRQHandler                          0x08000273   Thumb Code     0  startup_stm32f401xe.o(.text)
    SPI2_IRQHandler                          0x08000273   Thumb Code     0  startup_stm32f401xe.o(.text)
    SPI3_IRQHandler                          0x08000273   Thumb Code     0  startup_stm32f401xe.o(.text)
    SPI4_IRQHandler                          0x08000273   Thumb Code     0  startup_stm32f401xe.o(.text)
    TAMP_STAMP_IRQHandler                    0x08000273   Thumb Code     0  startup_stm32f401xe.o(.text)
    TIM1_BRK_TIM9_IRQHandler                 0x08000273   Thumb Code     0  startup_stm32f401xe.o(.text)
    TIM1_CC_IRQHandler                       0x08000273   Thumb Code     0  startup_stm32f401xe.o(.text)
    TIM1_TRG_COM_TIM11_IRQHandler            0x08000273   Thumb Code     0  startup_stm32f401xe.o(.text)
    TIM1_UP_TIM10_IRQHandler                 0x08000273   Thumb Code     0  startup_stm32f401xe.o(.text)
    TIM2_IRQHandler                          0x08000273   Thumb Code     0  startup_stm32f401xe.o(.text)
    TIM3_IRQHandler                          0x08000273   Thumb Code     0  startup_stm32f401xe.o(.text)
    TIM4_IRQHandler                          0x08000273   Thumb Code     0  startup_stm32f401xe.o(.text)
    TIM5_IRQHandler                          0x08000273   Thumb Code     0  startup_stm32f401xe.o(.text)
    USART1_IRQHandler                        0x08000273   Thumb Code     0  startup_stm32f401xe.o(.text)
    USART2_IRQHandler                        0x08000273   Thumb Code     0  startup_stm32f401xe.o(.text)
    USART6_IRQHandler                        0x08000273   Thumb Code     0  startup_stm32f401xe.o(.text)
    WWDG_IRQHandler                          0x08000273   Thumb Code     0  startup_stm32f401xe.o(.text)
    __user_initial_stackheap                 0x08000275   Thumb Code     0  startup_stm32f401xe.o(.text)
    __2sprintf                               0x08000299   Thumb Code    34  noretval__2sprintf.o(.text)
    __printf                                 0x080002c1   Thumb Code   270  __printf_wp.o(.text)
    __use_two_region_memory                  0x080003cf   Thumb Code     2  heapauxi.o(.text)
    __rt_heap_escrow$2region                 0x080003d1   Thumb Code     2  heapauxi.o(.text)
    __rt_heap_expand$2region                 0x080003d3   Thumb Code     2  heapauxi.o(.text)
    __lib_sel_fp_printf                      0x080003d5   Thumb Code     2  _printf_fp_dec.o(.text)
    _printf_fp_dec_real                      0x08000587   Thumb Code   620  _printf_fp_dec.o(.text)
    _printf_char_common                      0x080007ff   Thumb Code    32  _printf_char_common.o(.text)
    _sputc                                   0x08000825   Thumb Code    10  _sputc.o(.text)
    __rt_locale                              0x08000831   Thumb Code     8  rt_locale_intlibspace.o(.text)
    _ll_udiv10                               0x08000839   Thumb Code   138  lludiv10.o(.text)
    _printf_fp_infnan                        0x080008c5   Thumb Code   112  _printf_fp_infnan.o(.text)
    _btod_etento                             0x08000945   Thumb Code   224  bigflt0.o(.text)
    __user_libspace                          0x08000a29   Thumb Code     8  libspace.o(.text)
    __user_perproc_libspace                  0x08000a29   Thumb Code     0  libspace.o(.text)
    __user_perthread_libspace                0x08000a29   Thumb Code     0  libspace.o(.text)
    __user_setup_stackheap                   0x08000a31   Thumb Code    74  sys_stackheap_outer.o(.text)
    exit                                     0x08000a7b   Thumb Code    18  exit.o(.text)
    strcmp                                   0x08000a8d   Thumb Code   128  strcmpv7m.o(.text)
    _sys_exit                                0x08000b0d   Thumb Code     8  sys_exit.o(.text)
    __I$use$semihosting                      0x08000b19   Thumb Code     0  use_no_semi.o(.text)
    __use_no_semihosting_swi                 0x08000b19   Thumb Code     2  use_no_semi.o(.text)
    __semihosting_library_function           0x08000b1b   Thumb Code     0  indicate_semi.o(.text)
    _btod_d2e                                0x08000b1b   Thumb Code    62  btod.o(CL$$btod_d2e)
    _d2e_denorm_low                          0x08000b59   Thumb Code    70  btod.o(CL$$btod_d2e_denorm_low)
    _d2e_norm_op1                            0x08000b9f   Thumb Code    96  btod.o(CL$$btod_d2e_norm_op1)
    __btod_div_common                        0x08000bff   Thumb Code   696  btod.o(CL$$btod_div_common)
    _e2e                                     0x08000f37   Thumb Code   220  btod.o(CL$$btod_e2e)
    _btod_ediv                               0x08001013   Thumb Code    42  btod.o(CL$$btod_ediv)
    _btod_emul                               0x0800103d   Thumb Code    42  btod.o(CL$$btod_emul)
    __btod_mult_common                       0x08001067   Thumb Code   580  btod.o(CL$$btod_mult_common)
    EXTI0_IRQHandler                         0x080012ad   Thumb Code    82  gpio.o(i.EXTI0_IRQHandler)
    EXTI15_10_IRQHandler                     0x08001319   Thumb Code    82  gpio.o(i.EXTI15_10_IRQHandler)
    EXTI1_IRQHandler                         0x08001385   Thumb Code    82  gpio.o(i.EXTI1_IRQHandler)
    EXTI2_IRQHandler                         0x080013f1   Thumb Code    82  gpio.o(i.EXTI2_IRQHandler)
    EXTI3_IRQHandler                         0x0800145d   Thumb Code    82  gpio.o(i.EXTI3_IRQHandler)
    EXTI4_IRQHandler                         0x080014c9   Thumb Code    82  gpio.o(i.EXTI4_IRQHandler)
    EXTI9_5_IRQHandler                       0x08001535   Thumb Code    82  gpio.o(i.EXTI9_5_IRQHandler)
    SysTick_Handler                          0x080015a1   Thumb Code    10  timer.o(i.SysTick_Handler)
    SystemInit                               0x080015b1   Thumb Code    82  system_stm32f4xx.o(i.SystemInit)
    __ARM_fpclassify                         0x08001615   Thumb Code    48  fpclassify.o(i.__ARM_fpclassify)
    _is_digit                                0x08001689   Thumb Code    14  __printf_wp.o(i._is_digit)
    delay_ms                                 0x08001699   Thumb Code    78  delay.o(i.delay_ms)
    delay_us                                 0x080016ed   Thumb Code    74  delay.o(i.delay_us)
    get_distance                             0x08001741   Thumb Code    92  proximity.o(i.get_distance)
    get_temprature                           0x080017a1   Thumb Code   116  thermometer.o(i.get_temprature)
    gpio_get                                 0x0800181d   Thumb Code    24  gpio.o(i.gpio_get)
    gpio_set                                 0x08001839   Thumb Code    30  gpio.o(i.gpio_set)
    gpio_set_mode                            0x0800185d   Thumb Code   288  gpio.o(i.gpio_set_mode)
    lcd_clear                                0x08001989   Thumb Code    28  lcd.o(i.lcd_clear)
    lcd_init                                 0x080019a5   Thumb Code   162  lcd.o(i.lcd_init)
    lcd_print                                0x08001a4d   Thumb Code    48  lcd.o(i.lcd_print)
    lcd_put_char                             0x08001a81   Thumb Code    12  lcd.o(i.lcd_put_char)
    lcd_read_status                          0x08001a8d   Thumb Code   150  lcd.o(i.lcd_read_status)
    lcd_set_cursor                           0x08001b2d   Thumb Code    26  lcd.o(i.lcd_set_cursor)
    lcd_set_cursor_visible                   0x08001b4d   Thumb Code    24  lcd.o(i.lcd_set_cursor_visible)
    lcd_write_4bit                           0x08001b65   Thumb Code    74  lcd.o(i.lcd_write_4bit)
    lcd_write_cmd                            0x08001bb9   Thumb Code    30  lcd.o(i.lcd_write_cmd)
    leds_init                                0x08001bf9   Thumb Code    38  leds.o(i.leds_init)
    leds_set                                 0x08001c25   Thumb Code    66  leds.o(i.leds_set)
    main                                     0x08001c6d   Thumb Code   548  main.o(i.main)
    onewire_init                             0x08001ef5   Thumb Code   132  onewire.o(i.onewire_init)
    onewire_read                             0x08001f85   Thumb Code    28  onewire.o(i.onewire_read)
    onewire_read_byte                        0x08001fa1   Thumb Code    32  onewire.o(i.onewire_read_byte)
    onewire_transaction_init                 0x08001fc1   Thumb Code    34  onewire.o(i.onewire_transaction_init)
    onewire_write                            0x08001fe3   Thumb Code    30  onewire.o(i.onewire_write)
    onewire_write_byte                       0x08002001   Thumb Code    26  onewire.o(i.onewire_write_byte)
    proximity_init                           0x0800201b   Thumb Code    28  proximity.o(i.proximity_init)
    thermometer_init                         0x0800205d   Thumb Code     8  thermometer.o(i.thermometer_init)
    timer_enable                             0x08002065   Thumb Code    10  timer.o(i.timer_enable)
    timer_handler                            0x08002071   Thumb Code    22  main.o(i.timer_handler)
    timer_init                               0x0800208d   Thumb Code   208  timer.o(i.timer_init)
    timer_set_callback                       0x0800216d   Thumb Code     6  timer.o(i.timer_set_callback)
    uart6_rx                                 0x08002179   Thumb Code    24  onewire.o(i.uart6_rx)
    uart6_set_rate                           0x08002195   Thumb Code    70  onewire.o(i.uart6_set_rate)
    uart6_tx                                 0x080021e1   Thumb Code    36  onewire.o(i.uart6_tx)
    _get_lc_numeric                          0x0800221d   Thumb Code    44  lc_numeric_c.o(locale$$code)
    __aeabi_d2f                              0x08002249   Thumb Code     0  d2f.o(x$fpl$d2f)
    _d2f                                     0x08002249   Thumb Code    98  d2f.o(x$fpl$d2f)
    __aeabi_ddiv                             0x080022ad   Thumb Code     0  ddiv.o(x$fpl$ddiv)
    _ddiv                                    0x080022ad   Thumb Code   552  ddiv.o(x$fpl$ddiv)
    __aeabi_d2uiz                            0x0800255d   Thumb Code     0  dfixu.o(x$fpl$dfixu)
    _dfixu                                   0x0800255d   Thumb Code    90  dfixu.o(x$fpl$dfixu)
    __aeabi_i2d                              0x080025b7   Thumb Code     0  dflt_clz.o(x$fpl$dflt)
    _dflt                                    0x080025b7   Thumb Code    46  dflt_clz.o(x$fpl$dflt)
    __aeabi_ui2d                             0x080025e5   Thumb Code     0  dflt_clz.o(x$fpl$dfltu)
    _dfltu                                   0x080025e5   Thumb Code    38  dflt_clz.o(x$fpl$dfltu)
    __aeabi_dmul                             0x0800260d   Thumb Code     0  dmul.o(x$fpl$dmul)
    _dmul                                    0x0800260d   Thumb Code   332  dmul.o(x$fpl$dmul)
    __fpl_dnaninf                            0x08002761   Thumb Code   156  dnaninf.o(x$fpl$dnaninf)
    __fpl_dretinf                            0x080027fd   Thumb Code    12  dretinf.o(x$fpl$dretinf)
    __aeabi_f2d                              0x08002809   Thumb Code     0  f2d.o(x$fpl$f2d)
    _f2d                                     0x08002809   Thumb Code    86  f2d.o(x$fpl$f2d)
    __fpl_fnaninf                            0x0800285f   Thumb Code   140  fnaninf.o(x$fpl$fnaninf)
    _fp_init                                 0x080028eb   Thumb Code    10  fpinit.o(x$fpl$fpinit)
    __fplib_config_fpu_vfp                   0x080028f3   Thumb Code     0  fpinit.o(x$fpl$fpinit)
    __fplib_config_pureend_doubles           0x080028f3   Thumb Code     0  fpinit.o(x$fpl$fpinit)
    __fpl_fretinf                            0x080028f5   Thumb Code    10  fretinf.o(x$fpl$fretinf)
    _printf_fp_dec                           0x080028ff   Thumb Code     4  printf1.o(x$fpl$printf1)
    __I$use$fp                               0x08002902   Number         0  usenofp.o(x$fpl$usenofp)
    Region$$Table$$Base                      0x08002998   Number         0  anon$$obj.o(Region$$Table)
    Region$$Table$$Limit                     0x080029b8   Number         0  anon$$obj.o(Region$$Table)
    average                                  0x20000000   Data           4  main.o(.data)
    prev_average                             0x20000004   Data           4  main.o(.data)
    current                                  0x20000008   Data           4  main.o(.data)
    step                                     0x2000000c   Data           4  main.o(.data)
    P_LCD_DATA                               0x20000010   Data          16  lcd.o(.data)
    char_num                                 0x20000020   Data           4  lcd.o(.data)
    IRQ_status                               0x20000024   Data           4  gpio.o(.data)
    IRQ_port_num                             0x20000028   Data           4  gpio.o(.data)
    IRQ_pin_index                            0x2000002c   Data           4  gpio.o(.data)
    EXTI_port_set                            0x20000030   Data           4  gpio.o(.data)
    prioritygroup                            0x20000034   Data           4  gpio.o(.data)
    priority                                 0x20000038   Data           4  gpio.o(.data)
    timer_period                             0x20000040   Data           4  timer.o(.data)
    SystemCoreClock                          0x20000048   Data           4  system_stm32f4xx.o(.data)
    str                                      0x2000004c   Data          32  main.o(.bss)
    __libspace_start                         0x2000006c   Data          96  libspace.o(.bss)
    __temporary_stack_top$libspace           0x200000cc   Data           0  libspace.o(.bss)



==============================================================================

Memory Map of the image

  Image Entry point : 0x08000259

  Load Region LR_1 (Base: 0x08000000, Size: 0x00002a20, Max: 0xffffffff, ABSOLUTE)

    Execution Region ER_RO (Exec base: 0x08000000, Load base: 0x08000000, Size: 0x000029d4, Max: 0xffffffff, ABSOLUTE)

    Exec Addr    Load Addr    Size         Type   Attr      Idx    E Section Name        Object

    0x08000000   0x08000000   0x00000194   Data   RO          571    RESET               startup_stm32f401xe.o
    0x08000194   0x08000194   0x00000008   Code   RO          645  * !!!main             c_w.l(__main.o)
    0x0800019c   0x0800019c   0x00000034   Code   RO          885    !!!scatter          c_w.l(__scatter.o)
    0x080001d0   0x080001d0   0x0000001a   Code   RO          887    !!handler_copy      c_w.l(__scatter_copy.o)
    0x080001ea   0x080001ea   0x00000002   PAD
    0x080001ec   0x080001ec   0x0000001c   Code   RO          889    !!handler_zi        c_w.l(__scatter_zi.o)
    0x08000208   0x08000208   0x00000000   Code   RO          642    .ARM.Collect$$_printf_percent$$00000000  c_w.l(_printf_percent.o)
    0x08000208   0x08000208   0x00000006   Code   RO          641    .ARM.Collect$$_printf_percent$$00000003  c_w.l(_printf_f.o)
    0x0800020e   0x0800020e   0x00000004   Code   RO          676    .ARM.Collect$$_printf_percent$$00000017  c_w.l(_printf_percent_end.o)
    0x08000212   0x08000212   0x00000002   Code   RO          758    .ARM.Collect$$libinit$$00000000  c_w.l(libinit.o)
    0x08000214   0x08000214   0x00000004   Code   RO          759    .ARM.Collect$$libinit$$00000001  c_w.l(libinit2.o)
    0x08000218   0x08000218   0x00000000   Code   RO          762    .ARM.Collect$$libinit$$00000004  c_w.l(libinit2.o)
    0x08000218   0x08000218   0x00000000   Code   RO          765    .ARM.Collect$$libinit$$0000000A  c_w.l(libinit2.o)
    0x08000218   0x08000218   0x00000000   Code   RO          767    .ARM.Collect$$libinit$$0000000C  c_w.l(libinit2.o)
    0x08000218   0x08000218   0x00000000   Code   RO          769    .ARM.Collect$$libinit$$0000000E  c_w.l(libinit2.o)
    0x08000218   0x08000218   0x00000006   Code   RO          770    .ARM.Collect$$libinit$$0000000F  c_w.l(libinit2.o)
    0x0800021e   0x0800021e   0x00000000   Code   RO          772    .ARM.Collect$$libinit$$00000011  c_w.l(libinit2.o)
    0x0800021e   0x0800021e   0x00000000   Code   RO          774    .ARM.Collect$$libinit$$00000013  c_w.l(libinit2.o)
    0x0800021e   0x0800021e   0x00000000   Code   RO          776    .ARM.Collect$$libinit$$00000015  c_w.l(libinit2.o)
    0x0800021e   0x0800021e   0x0000000a   Code   RO          777    .ARM.Collect$$libinit$$00000016  c_w.l(libinit2.o)
    0x08000228   0x08000228   0x00000000   Code   RO          778    .ARM.Collect$$libinit$$00000017  c_w.l(libinit2.o)
    0x08000228   0x08000228   0x00000000   Code   RO          780    .ARM.Collect$$libinit$$00000019  c_w.l(libinit2.o)
    0x08000228   0x08000228   0x00000000   Code   RO          782    .ARM.Collect$$libinit$$0000001B  c_w.l(libinit2.o)
    0x08000228   0x08000228   0x00000000   Code   RO          784    .ARM.Collect$$libinit$$0000001D  c_w.l(libinit2.o)
    0x08000228   0x08000228   0x00000000   Code   RO          786    .ARM.Collect$$libinit$$0000001F  c_w.l(libinit2.o)
    0x08000228   0x08000228   0x00000000   Code   RO          788    .ARM.Collect$$libinit$$00000021  c_w.l(libinit2.o)
    0x08000228   0x08000228   0x00000000   Code   RO          790    .ARM.Collect$$libinit$$00000023  c_w.l(libinit2.o)
    0x08000228   0x08000228   0x00000000   Code   RO          792    .ARM.Collect$$libinit$$00000025  c_w.l(libinit2.o)
    0x08000228   0x08000228   0x00000000   Code   RO          796    .ARM.Collect$$libinit$$0000002C  c_w.l(libinit2.o)
    0x08000228   0x08000228   0x00000000   Code   RO          798    .ARM.Collect$$libinit$$0000002E  c_w.l(libinit2.o)
    0x08000228   0x08000228   0x00000000   Code   RO          800    .ARM.Collect$$libinit$$00000030  c_w.l(libinit2.o)
    0x08000228   0x08000228   0x00000000   Code   RO          802    .ARM.Collect$$libinit$$00000032  c_w.l(libinit2.o)
    0x08000228   0x08000228   0x00000002   Code   RO          803    .ARM.Collect$$libinit$$00000033  c_w.l(libinit2.o)
    0x0800022a   0x0800022a   0x00000002   Code   RO          833    .ARM.Collect$$libshutdown$$00000000  c_w.l(libshutdown.o)
    0x0800022c   0x0800022c   0x00000000   Code   RO          844    .ARM.Collect$$libshutdown$$00000002  c_w.l(libshutdown2.o)
    0x0800022c   0x0800022c   0x00000000   Code   RO          846    .ARM.Collect$$libshutdown$$00000004  c_w.l(libshutdown2.o)
    0x0800022c   0x0800022c   0x00000000   Code   RO          849    .ARM.Collect$$libshutdown$$00000007  c_w.l(libshutdown2.o)
    0x0800022c   0x0800022c   0x00000000   Code   RO          852    .ARM.Collect$$libshutdown$$0000000A  c_w.l(libshutdown2.o)
    0x0800022c   0x0800022c   0x00000000   Code   RO          854    .ARM.Collect$$libshutdown$$0000000C  c_w.l(libshutdown2.o)
    0x0800022c   0x0800022c   0x00000000   Code   RO          857    .ARM.Collect$$libshutdown$$0000000F  c_w.l(libshutdown2.o)
    0x0800022c   0x0800022c   0x00000002   Code   RO          858    .ARM.Collect$$libshutdown$$00000010  c_w.l(libshutdown2.o)
    0x0800022e   0x0800022e   0x00000000   Code   RO          669    .ARM.Collect$$rtentry$$00000000  c_w.l(__rtentry.o)
    0x0800022e   0x0800022e   0x00000000   Code   RO          687    .ARM.Collect$$rtentry$$00000002  c_w.l(__rtentry2.o)
    0x0800022e   0x0800022e   0x00000006   Code   RO          699    .ARM.Collect$$rtentry$$00000004  c_w.l(__rtentry4.o)
    0x08000234   0x08000234   0x00000000   Code   RO          689    .ARM.Collect$$rtentry$$00000009  c_w.l(__rtentry2.o)
    0x08000234   0x08000234   0x00000004   Code   RO          690    .ARM.Collect$$rtentry$$0000000A  c_w.l(__rtentry2.o)
    0x08000238   0x08000238   0x00000000   Code   RO          692    .ARM.Collect$$rtentry$$0000000C  c_w.l(__rtentry2.o)
    0x08000238   0x08000238   0x00000008   Code   RO          693    .ARM.Collect$$rtentry$$0000000D  c_w.l(__rtentry2.o)
    0x08000240   0x08000240   0x00000002   Code   RO          804    .ARM.Collect$$rtexit$$00000000  c_w.l(rtexit.o)
    0x08000242   0x08000242   0x00000000   Code   RO          811    .ARM.Collect$$rtexit$$00000002  c_w.l(rtexit2.o)
    0x08000242   0x08000242   0x00000004   Code   RO          812    .ARM.Collect$$rtexit$$00000003  c_w.l(rtexit2.o)
    0x08000246   0x08000246   0x00000006   Code   RO          813    .ARM.Collect$$rtexit$$00000004  c_w.l(rtexit2.o)
    0x0800024c   0x0800024c   0x0000000c   Code   RO          218    .emb_text           delay.o
    0x08000258   0x08000258   0x00000040   Code   RO          572  * .text               startup_stm32f401xe.o
    0x08000298   0x08000298   0x00000028   Code   RO          617    .text               c_w.l(noretval__2sprintf.o)
    0x080002c0   0x080002c0   0x0000010e   Code   RO          629    .text               c_w.l(__printf_wp.o)
    0x080003ce   0x080003ce   0x00000006   Code   RO          643    .text               c_w.l(heapauxi.o)
    0x080003d4   0x080003d4   0x0000041e   Code   RO          670    .text               c_w.l(_printf_fp_dec.o)
    0x080007f2   0x080007f2   0x00000002   PAD
    0x080007f4   0x080007f4   0x00000030   Code   RO          672    .text               c_w.l(_printf_char_common.o)
    0x08000824   0x08000824   0x0000000a   Code   RO          674    .text               c_w.l(_sputc.o)
    0x0800082e   0x0800082e   0x00000002   PAD
    0x08000830   0x08000830   0x00000008   Code   RO          704    .text               c_w.l(rt_locale_intlibspace.o)
    0x08000838   0x08000838   0x0000008a   Code   RO          706    .text               c_w.l(lludiv10.o)
    0x080008c2   0x080008c2   0x00000002   PAD
    0x080008c4   0x080008c4   0x00000080   Code   RO          708    .text               c_w.l(_printf_fp_infnan.o)
    0x08000944   0x08000944   0x000000e4   Code   RO          712    .text               c_w.l(bigflt0.o)
    0x08000a28   0x08000a28   0x00000008   Code   RO          744    .text               c_w.l(libspace.o)
    0x08000a30   0x08000a30   0x0000004a   Code   RO          747    .text               c_w.l(sys_stackheap_outer.o)
    0x08000a7a   0x08000a7a   0x00000012   Code   RO          749    .text               c_w.l(exit.o)
    0x08000a8c   0x08000a8c   0x00000080   Code   RO          751    .text               c_w.l(strcmpv7m.o)
    0x08000b0c   0x08000b0c   0x0000000c   Code   RO          823    .text               c_w.l(sys_exit.o)
    0x08000b18   0x08000b18   0x00000002   Code   RO          834    .text               c_w.l(use_no_semi.o)
    0x08000b1a   0x08000b1a   0x00000000   Code   RO          836    .text               c_w.l(indicate_semi.o)
    0x08000b1a   0x08000b1a   0x0000003e   Code   RO          715    CL$$btod_d2e        c_w.l(btod.o)
    0x08000b58   0x08000b58   0x00000046   Code   RO          717    CL$$btod_d2e_denorm_low  c_w.l(btod.o)
    0x08000b9e   0x08000b9e   0x00000060   Code   RO          716    CL$$btod_d2e_norm_op1  c_w.l(btod.o)
    0x08000bfe   0x08000bfe   0x00000338   Code   RO          725    CL$$btod_div_common  c_w.l(btod.o)
    0x08000f36   0x08000f36   0x000000dc   Code   RO          722    CL$$btod_e2e        c_w.l(btod.o)
    0x08001012   0x08001012   0x0000002a   Code   RO          719    CL$$btod_ediv       c_w.l(btod.o)
    0x0800103c   0x0800103c   0x0000002a   Code   RO          718    CL$$btod_emul       c_w.l(btod.o)
    0x08001066   0x08001066   0x00000244   Code   RO          724    CL$$btod_mult_common  c_w.l(btod.o)
    0x080012aa   0x080012aa   0x00000002   PAD
    0x080012ac   0x080012ac   0x0000006c   Code   RO          372    i.EXTI0_IRQHandler  gpio.o
    0x08001318   0x08001318   0x0000006c   Code   RO          373    i.EXTI15_10_IRQHandler  gpio.o
    0x08001384   0x08001384   0x0000006c   Code   RO          374    i.EXTI1_IRQHandler  gpio.o
    0x080013f0   0x080013f0   0x0000006c   Code   RO          375    i.EXTI2_IRQHandler  gpio.o
    0x0800145c   0x0800145c   0x0000006c   Code   RO          376    i.EXTI3_IRQHandler  gpio.o
    0x080014c8   0x080014c8   0x0000006c   Code   RO          377    i.EXTI4_IRQHandler  gpio.o
    0x08001534   0x08001534   0x0000006c   Code   RO          378    i.EXTI9_5_IRQHandler  gpio.o
    0x080015a0   0x080015a0   0x00000010   Code   RO          512    i.SysTick_Handler   timer.o
    0x080015b0   0x080015b0   0x00000064   Code   RO          580    i.SystemInit        system_stm32f4xx.o
    0x08001614   0x08001614   0x00000030   Code   RO          742    i.__ARM_fpclassify  m_wm.l(fpclassify.o)
    0x08001644   0x08001644   0x0000001c   Code   RO          380    i.__NVIC_ClearPendingIRQ  gpio.o
    0x08001660   0x08001660   0x00000028   Code   RO          513    i.__NVIC_SetPriority  timer.o
    0x08001688   0x08001688   0x0000000e   Code   RO          631    i._is_digit         c_w.l(__printf_wp.o)
    0x08001696   0x08001696   0x00000002   PAD
    0x08001698   0x08001698   0x00000054   Code   RO          219    i.delay_ms          delay.o
    0x080016ec   0x080016ec   0x00000054   Code   RO          220    i.delay_us          delay.o
    0x08001740   0x08001740   0x00000060   Code   RO          170    i.get_distance      proximity.o
    0x080017a0   0x080017a0   0x0000007c   Code   RO          197    i.get_temprature    thermometer.o
    0x0800181c   0x0800181c   0x0000001c   Code   RO          384    i.gpio_get          gpio.o
    0x08001838   0x08001838   0x00000024   Code   RO          386    i.gpio_set          gpio.o
    0x0800185c   0x0800185c   0x0000012c   Code   RO          388    i.gpio_set_mode     gpio.o
    0x08001988   0x08001988   0x0000001c   Code   RO          252    i.lcd_clear         lcd.o
    0x080019a4   0x080019a4   0x000000a8   Code   RO          253    i.lcd_init          lcd.o
    0x08001a4c   0x08001a4c   0x00000034   Code   RO          254    i.lcd_print         lcd.o
    0x08001a80   0x08001a80   0x0000000c   Code   RO          255    i.lcd_put_char      lcd.o
    0x08001a8c   0x08001a8c   0x000000a0   Code   RO          256    i.lcd_read_status   lcd.o
    0x08001b2c   0x08001b2c   0x00000020   Code   RO          257    i.lcd_set_cursor    lcd.o
    0x08001b4c   0x08001b4c   0x00000018   Code   RO          258    i.lcd_set_cursor_visible  lcd.o
    0x08001b64   0x08001b64   0x00000054   Code   RO          259    i.lcd_write_4bit    lcd.o
    0x08001bb8   0x08001bb8   0x0000001e   Code   RO          260    i.lcd_write_cmd     lcd.o
    0x08001bd6   0x08001bd6   0x00000020   Code   RO          261    i.lcd_write_data    lcd.o
    0x08001bf6   0x08001bf6   0x00000002   PAD
    0x08001bf8   0x08001bf8   0x0000002c   Code   RO          342    i.leds_init         leds.o
    0x08001c24   0x08001c24   0x00000048   Code   RO          343    i.leds_set          leds.o
    0x08001c6c   0x08001c6c   0x00000288   Code   RO            4    i.main              main.o
    0x08001ef4   0x08001ef4   0x00000090   Code   RO           92    i.onewire_init      onewire.o
    0x08001f84   0x08001f84   0x0000001c   Code   RO           93    i.onewire_read      onewire.o
    0x08001fa0   0x08001fa0   0x00000020   Code   RO           94    i.onewire_read_byte  onewire.o
    0x08001fc0   0x08001fc0   0x00000022   Code   RO           95    i.onewire_transaction_init  onewire.o
    0x08001fe2   0x08001fe2   0x0000001e   Code   RO           96    i.onewire_write     onewire.o
    0x08002000   0x08002000   0x0000001a   Code   RO           97    i.onewire_write_byte  onewire.o
    0x0800201a   0x0800201a   0x0000001c   Code   RO          171    i.proximity_init    proximity.o
    0x08002036   0x08002036   0x00000002   PAD
    0x08002038   0x08002038   0x00000024   Code   RO          262    i.set_data_dir      lcd.o
    0x0800205c   0x0800205c   0x00000008   Code   RO          198    i.thermometer_init  thermometer.o
    0x08002064   0x08002064   0x0000000a   Code   RO          515    i.timer_enable      timer.o
    0x0800206e   0x0800206e   0x00000002   PAD
    0x08002070   0x08002070   0x0000001c   Code   RO            5    i.timer_handler     main.o
    0x0800208c   0x0800208c   0x000000e0   Code   RO          516    i.timer_init        timer.o
    0x0800216c   0x0800216c   0x0000000c   Code   RO          517    i.timer_set_callback  timer.o
    0x08002178   0x08002178   0x0000001c   Code   RO           98    i.uart6_rx          onewire.o
    0x08002194   0x08002194   0x0000004c   Code   RO           99    i.uart6_set_rate    onewire.o
    0x080021e0   0x080021e0   0x00000028   Code   RO          100    i.uart6_tx          onewire.o
    0x08002208   0x08002208   0x00000012   Code   RO          263    i.wait_while_busy   lcd.o
    0x0800221a   0x0800221a   0x00000002   PAD
    0x0800221c   0x0800221c   0x0000002c   Code   RO          738    locale$$code        c_w.l(lc_numeric_c.o)
    0x08002248   0x08002248   0x00000062   Code   RO          647    x$fpl$d2f           fz_wm.l(d2f.o)
    0x080022aa   0x080022aa   0x00000002   PAD
    0x080022ac   0x080022ac   0x000002b0   Code   RO          650    x$fpl$ddiv          fz_wm.l(ddiv.o)
    0x0800255c   0x0800255c   0x0000005a   Code   RO          653    x$fpl$dfixu         fz_wm.l(dfixu.o)
    0x080025b6   0x080025b6   0x0000002e   Code   RO          658    x$fpl$dflt          fz_wm.l(dflt_clz.o)
    0x080025e4   0x080025e4   0x00000026   Code   RO          657    x$fpl$dfltu         fz_wm.l(dflt_clz.o)
    0x0800260a   0x0800260a   0x00000002   PAD
    0x0800260c   0x0800260c   0x00000154   Code   RO          663    x$fpl$dmul          fz_wm.l(dmul.o)
    0x08002760   0x08002760   0x0000009c   Code   RO          677    x$fpl$dnaninf       fz_wm.l(dnaninf.o)
    0x080027fc   0x080027fc   0x0000000c   Code   RO          679    x$fpl$dretinf       fz_wm.l(dretinf.o)
    0x08002808   0x08002808   0x00000056   Code   RO          665    x$fpl$f2d           fz_wm.l(f2d.o)
    0x0800285e   0x0800285e   0x0000008c   Code   RO          681    x$fpl$fnaninf       fz_wm.l(fnaninf.o)
    0x080028ea   0x080028ea   0x0000000a   Code   RO          808    x$fpl$fpinit        fz_wm.l(fpinit.o)
    0x080028f4   0x080028f4   0x0000000a   Code   RO          683    x$fpl$fretinf       fz_wm.l(fretinf.o)
    0x080028fe   0x080028fe   0x00000004   Code   RO          667    x$fpl$printf1       fz_wm.l(printf1.o)
    0x08002902   0x08002902   0x00000000   Code   RO          685    x$fpl$usenofp       fz_wm.l(usenofp.o)
    0x08002902   0x08002902   0x00000002   PAD
    0x08002904   0x08002904   0x00000094   Data   RO          713    .constdata          c_w.l(bigflt0.o)
    0x08002998   0x08002998   0x00000020   Data   RO          883    Region$$Table       anon$$obj.o
    0x080029b8   0x080029b8   0x0000001c   Data   RO          737    locale$$data        c_w.l(lc_numeric_c.o)


    Execution Region ER_RW (Exec base: 0x20000000, Load base: 0x080029d4, Size: 0x0000004c, Max: 0xffffffff, ABSOLUTE)

    Exec Addr    Load Addr    Size         Type   Attr      Idx    E Section Name        Object

    0x20000000   0x080029d4   0x00000010   Data   RW            7    .data               main.o
    0x20000010   0x080029e4   0x00000014   Data   RW          264    .data               lcd.o
    0x20000024   0x080029f8   0x0000001c   Data   RW          392    .data               gpio.o
    0x20000040   0x08002a14   0x00000008   Data   RW          518    .data               timer.o
    0x20000048   0x08002a1c   0x00000004   Data   RW          582    .data               system_stm32f4xx.o


    Execution Region ER_ZI (Exec base: 0x2000004c, Load base: 0x08002a20, Size: 0x00000684, Max: 0xffffffff, ABSOLUTE)

    Exec Addr    Load Addr    Size         Type   Attr      Idx    E Section Name        Object

    0x2000004c        -       0x00000020   Zero   RW            6    .bss                main.o
    0x2000006c        -       0x00000060   Zero   RW          745    .bss                c_w.l(libspace.o)
    0x200000cc   0x08002a20   0x00000004   PAD
    0x200000d0        -       0x00000200   Zero   RW          570    HEAP                startup_stm32f401xe.o
    0x200002d0        -       0x00000400   Zero   RW          569    STACK               startup_stm32f401xe.o


==============================================================================

Image component sizes


      Code (inc. data)   RO Data    RW Data    ZI Data      Debug   Object Name

       180         16          0          0          0       1566   delay.o
      1148        216          0         28          0      36821   gpio.o
       676         42          0         20          0       7165   lcd.o
       116         12          0          0          0       1083   leds.o
       676        106          0         16         32     314303   main.o
       438         26          0          0          0       4817   onewire.o
       124          4          0          0          0       1056   proximity.o
        64         26        404          0       1536        872   startup_stm32f401xe.o
       100         18          0          4          0       1535   system_stm32f4xx.o
       132          8          0          0          0       1228   thermometer.o
       302         36          0          8          0      33813   timer.o

    ----------------------------------------------------------------------
      3964        510        436         76       1568     404259   Object Totals
         0          0         32          0          0          0   (incl. Generated)
         8          0          0          0          0          0   (incl. Padding)

    ----------------------------------------------------------------------

      Code (inc. data)   RO Data    RW Data    ZI Data      Debug   Library Member Name

         8          0          0          0          0         68   __main.o
       284          0          0          0          0        156   __printf_wp.o
         0          0          0          0          0          0   __rtentry.o
        12          0          0          0          0          0   __rtentry2.o
         6          0          0          0          0          0   __rtentry4.o
        52          8          0          0          0          0   __scatter.o
        26          0          0          0          0          0   __scatter_copy.o
        28          0          0          0          0          0   __scatter_zi.o
        48          6          0          0          0         96   _printf_char_common.o
         6          0          0          0          0          0   _printf_f.o
      1054          0          0          0          0        216   _printf_fp_dec.o
       128         16          0          0          0         84   _printf_fp_infnan.o
         0          0          0          0          0          0   _printf_percent.o
         4          0          0          0          0          0   _printf_percent_end.o
        10          0          0          0          0         68   _sputc.o
       228          4        148          0          0         96   bigflt0.o
      1936        128          0          0          0        672   btod.o
        18          0          0          0          0         80   exit.o
         6          0          0          0          0        152   heapauxi.o
         0          0          0          0          0          0   indicate_semi.o
        44         10         28          0          0         76   lc_numeric_c.o
         2          0          0          0          0          0   libinit.o
        22          0          0          0          0          0   libinit2.o
         2          0          0          0          0          0   libshutdown.o
         2          0          0          0          0          0   libshutdown2.o
         8          4          0          0         96         68   libspace.o
       138          0          0          0          0         80   lludiv10.o
        40          6          0          0          0         84   noretval__2sprintf.o
         8          4          0          0          0         68   rt_locale_intlibspace.o
         2          0          0          0          0          0   rtexit.o
        10          0          0          0          0          0   rtexit2.o
       128          0          0          0          0         68   strcmpv7m.o
        12          4          0          0          0         68   sys_exit.o
        74          0          0          0          0         80   sys_stackheap_outer.o
         2          0          0          0          0         68   use_no_semi.o
        98          4          0          0          0        140   d2f.o
       688        140          0          0          0        256   ddiv.o
        90          4          0          0          0        140   dfixu.o
        84          0          0          0          0        232   dflt_clz.o
       340         12          0          0          0        152   dmul.o
       156          4          0          0          0        140   dnaninf.o
        12          0          0          0          0        116   dretinf.o
        86          4          0          0          0        132   f2d.o
       140          4          0          0          0        132   fnaninf.o
        10          0          0          0          0        116   fpinit.o
        10          0          0          0          0        116   fretinf.o
         4          0          0          0          0        116   printf1.o
         0          0          0          0          0          0   usenofp.o
        48          0          0          0          0        124   fpclassify.o

    ----------------------------------------------------------------------
      6132        362        176          0        100       4260   Library Totals
        18          0          0          0          4          0   (incl. Padding)

    ----------------------------------------------------------------------

      Code (inc. data)   RO Data    RW Data    ZI Data      Debug   Library Name

      4348        190        176          0         96       2348   c_w.l
      1718        172          0          0          0       1788   fz_wm.l
        48          0          0          0          0        124   m_wm.l

    ----------------------------------------------------------------------
      6132        362        176          0        100       4260   Library Totals

    ----------------------------------------------------------------------

==============================================================================


      Code (inc. data)   RO Data    RW Data    ZI Data      Debug   

     10096        872        612         76       1668     401571   Grand Totals
     10096        872        612         76       1668     401571   ELF Image Totals
     10096        872        612         76          0          0   ROM Totals

==============================================================================

    Total RO  Size (Code + RO Data)                10708 (  10.46kB)
    Total RW  Size (RW Data + ZI Data)              1744 (   1.70kB)
    Total ROM Size (Code + RO Data + RW Data)      10784 (  10.53kB)

==============================================================================

